W/PackageManager(  767): Unknown permission com.google.android.googleapps.permission.GOOGLE_AUTH.mail in package com.android.calendar
W/PackageManager(  767): Unknown permission com.qualcomm.permission.USE_PHONE_SERVICE in package com.android.dialer
W/PackageManager(  767): Unknown permission android.permission.MMS_PUSH in package org.codeaurora.bluetooth
W/PackageManager(  767): Unknown permission com.cyanogenmod.filemanager.permissions.READ_THEME in package com.cyanogenmod.filemanager
W/PackageManager(  767): Unknown permission com.google.android.gallery3d.permission.PICASA_STORE in package com.android.dreams.phototable
W/PackageManager(  767): Unknown permission com.google.android.googleapps.permission.GOOGLE_AUTH in package com.android.settings
W/PackageManager(  767): Unknown permission com.android.launcher.permission.READ_SETTINGS in package com.android.settings
W/PackageManager(  767): Unknown permission com.android.launcher.permission.WRITE_SETTINGS in package com.android.settings
W/PackageManager(  767): Not granting permission android.permission.DELETE_PACKAGES to package com.svox.pico (protectionLevel=18 flags=0x8be45)
W/PackageManager(  767): Not granting permission android.permission.BIND_WALLPAPER to package com.android.camera2 (protectionLevel=18 flags=0x58bc45)
W/PackageManager(  767): Unknown permission com.google.android.gallery3d.permission.GALLERY_PROVIDER in package com.android.bluetooth
W/PackageManager(  767): Unknown permission com.android.launcher.permission.READ_SETTINGS in package com.android.onetimeinitializer
W/PackageManager(  767): Unknown permission com.android.launcher.permission.WRITE_SETTINGS in package com.android.onetimeinitializer
W/PackageManager(  767): Unknown permission com.android.firewall.READ_GRAVITY in package com.android.contacts
W/PackageManager(  767): Unknown permission com.android.firewall.WRITE_GRAVITY in package com.android.contacts
W/PackageManager(  767): Not granting permission android.permission.DEVICE_POWER to package com.android.deskclock (protectionLevel=2 flags=0x48be45)
W/PackageManager(  767): Unknown permission com.android.deskclock.worldclock.permissions.WRITE_DATABASE in package com.android.deskclock
W/PackageManager(  767): Unknown permission com.google.android.googleapps.permission.GOOGLE_AUTH in package com.android.providers.calendar
W/PackageManager(  767): Unknown permission com.google.android.googleapps.permission.GOOGLE_AUTH.cl in package com.android.providers.calendar
W/PackageManager(  767): Not granting permission android.permission.WRITE_MEDIA_STORAGE to package com.android.soundrecorder (protectionLevel=18 flags=0x8be45)
W/PackageManager(  767): Unknown permission android.permission.INSTALL_DRM in package com.android.mms
W/PackageManager(  767): Unknown permission com.qualcomm.permission.USE_PHONE_SERVICE in package com.android.mms
W/PackageManager(  767): Not granting permission android.permission.MANAGE_DOCUMENTS to package com.android.mms (protectionLevel=2 flags=0x4049be65)
W/PackageManager(  767): Not granting permission android.permission.ACCESS_DOWNLOAD_MANAGER to package com.android.browser (protectionLevel=18 flags=0x9be45)
W/PackageManager(  767): Not granting permission android.permission.SEND_DOWNLOAD_COMPLETED_INTENTS to package com.android.browser (protectionLevel=2 flags=0x9be45)
W/PackageManager(  767): Unknown permission com.google.android.googleapps.permission.ACCESS_GOOGLE_PASSWORD in package com.android.development
W/PackageManager(  767): Unknown permission com.google.android.googleapps.permission.GOOGLE_AUTH in package com.android.development
W/PackageManager(  767): Unknown permission com.google.android.googleapps.permission.GOOGLE_AUTH.ALL_SERVICES in package com.android.development
W/PackageManager(  767): Unknown permission com.google.android.googleapps.permission.GOOGLE_AUTH.YouTubeUser in package com.android.development
W/PackageManager(  767): Unknown permission com.android.launcher.permission.READ_SETTINGS in package com.cyanogenmod.trebuchet
W/PackageManager(  767): Unknown permission com.android.launcher.permission.WRITE_SETTINGS in package com.cyanogenmod.trebuchet
V/PackageManager(  767): Disabling com.google.android.gsf/com.google.android.gsf.update.SystemUpdateActivity
W/PackageManager(  767): Unable to disable com.google.android.gsf/com.google.android.gsf.update.SystemUpdateActivity
V/PackageManager(  767): Disabling com.google.android.gsf/com.google.android.gsf.update.SystemUpdateService
W/PackageManager(  767): Unable to disable com.google.android.gsf/com.google.android.gsf.update.SystemUpdateService
V/PackageManager(  767): Disabling com.google.android.gsf/com.google.android.gsf.update.SystemUpdateService$Receiver
W/PackageManager(  767): Unable to disable com.google.android.gsf/com.google.android.gsf.update.SystemUpdateService$Receiver
V/PackageManager(  767): Disabling com.google.android.gms/com.google.android.gms.update.SystemUpdateActivity
W/PackageManager(  767): Unable to disable com.google.android.gms/com.google.android.gms.update.SystemUpdateActivity
V/PackageManager(  767): Disabling com.google.android.gms/com.google.android.gms.update.SystemUpdateService
W/PackageManager(  767): Unable to disable com.google.android.gms/com.google.android.gms.update.SystemUpdateService
V/PackageManager(  767): Disabling com.google.android.gms/com.google.android.gms.update.SystemUpdateService$Receiver
W/PackageManager(  767): Unable to disable com.google.android.gms/com.google.android.gms.update.SystemUpdateService$Receiver
V/PackageManager(  767): Disabling com.google.android.gms/com.google.android.gms.update.SystemUpdateService$ActiveReceiver
W/PackageManager(  767): Unable to disable com.google.android.gms/com.google.android.gms.update.SystemUpdateService$ActiveReceiver
E/qdoverlay(  261): Bad ov dump:  mdp_overlay z=0 fg=0 alpha=255 mask=-1 flags=0x220000 id=-1
E/qdoverlay(  261): src msmfb_img w=736 h=1280 format=13 MDP_RGBA_8888
E/qdoverlay(  261): src_rect mdp_rect x=0 y=0 w=720 h=1280
E/qdoverlay(  261): dst_rect mdp_rect x=0 y=0 w=720 h=1280
E/qdoverlay(  261): Bad ov dump:  mdp_overlay z=0 fg=0 alpha=255 mask=-1 flags=0x220000 id=-1
E/qdoverlay(  261): src msmfb_img w=736 h=1280 format=13 MDP_RGBA_8888
E/qdoverlay(  261): src_rect mdp_rect x=0 y=0 w=720 h=1280
E/qdoverlay(  261): dst_rect mdp_rect x=0 y=0 w=720 h=1280
E/qdoverlay(  261): Bad ov dump:  mdp_overlay z=0 fg=0 alpha=255 mask=-1 flags=0x220000 id=-1
E/qdoverlay(  261): src msmfb_img w=736 h=1280 format=13 MDP_RGBA_8888
E/qdoverlay(  261): src_rect mdp_rect x=0 y=0 w=720 h=1280
E/qdoverlay(  261): dst_rect mdp_rect x=0 y=0 w=720 h=1280
I/art     (  767): Explicit concurrent mark sweep GC freed 40613(1977KB) AllocSpace objects, 2(32KB) LOS objects, 33% free, 9MB/14MB, paused 861us total 51.591ms
E/qdoverlay(  261): Bad ov dump:  mdp_overlay z=0 fg=0 alpha=255 mask=-1 flags=0x220000 id=-1
E/qdoverlay(  261): src msmfb_img w=736 h=1280 format=13 MDP_RGBA_8888
E/qdoverlay(  261): src_rect mdp_rect x=0 y=0 w=720 h=1280
E/qdoverlay(  261): dst_rect mdp_rect x=0 y=0 w=720 h=1280
I/SystemServer(  767): User Service
I/lowmemorykiller(  258): ActivityManager connected
I/SystemServiceManager(  767): Starting com.android.server.lights.LightsService
E/qdoverlay(  261): Bad ov dump:  mdp_overlay z=0 fg=0 alpha=255 mask=-1 flags=0x220000 id=-1
E/qdoverlay(  261): src msmfb_img w=736 h=1280 format=13 MDP_RGBA_8888
E/qdoverlay(  261): src_rect mdp_rect x=0 y=0 w=720 h=1280
E/qdoverlay(  261): dst_rect mdp_rect x=0 y=0 w=720 h=1280
I/SystemServiceManager(  767): Starting com.android.server.BatteryService
E/qdoverlay(  261): Bad ov dump:  mdp_overlay z=0 fg=0 alpha=255 mask=-1 flags=0x220000 id=-1
E/qdoverlay(  261): src msmfb_img w=736 h=1280 format=13 MDP_RGBA_8888
E/qdoverlay(  261): src_rect mdp_rect x=0 y=0 w=720 h=1280
E/qdoverlay(  261): dst_rect mdp_rect x=0 y=0 w=720 h=1280
I/SystemServiceManager(  767): Starting com.android.server.usage.UsageStatsService
E/qdoverlay(  261): Bad ov dump:  mdp_overlay z=0 fg=0 alpha=255 mask=-1 flags=0x220000 id=-1
E/qdoverlay(  261): src msmfb_img w=736 h=1280 format=13 MDP_RGBA_8888
E/qdoverlay(  261): src_rect mdp_rect x=0 y=0 w=720 h=1280
E/qdoverlay(  261): dst_rect mdp_rect x=0 y=0 w=720 h=1280
I/SystemServiceManager(  767): Starting com.android.server.webkit.WebViewUpdateService
I/SystemServer(  767): Reading configuration...
I/SystemServer(  767): Scheduling Policy
I/SystemServer(  767): Telephony Registry
E/qdoverlay(  261): Bad ov dump:  mdp_overlay z=0 fg=0 alpha=255 mask=-1 flags=0x220000 id=-1
E/qdoverlay(  261): src msmfb_img w=736 h=1280 format=13 MDP_RGBA_8888
E/qdoverlay(  261): src_rect mdp_rect x=0 y=0 w=720 h=1280
E/qdoverlay(  261): dst_rect mdp_rect x=0 y=0 w=720 h=1280
I/SystemServer(  767): Entropy Mixer
I/EntropyMixer(  767): Writing entropy...
E/Diag_Lib(  321): qmi_client [321]: unable to connect to server, errno=[2:No such file or directory], attempt=9
I/SystemServer(  767): Account Manager
I/SystemServer(  767): Content Manager
E/qdoverlay(  261): Bad ov dump:  mdp_overlay z=0 fg=0 alpha=255 mask=-1 flags=0x220000 id=-1
E/qdoverlay(  261): src msmfb_img w=736 h=1280 format=13 MDP_RGBA_8888
E/qdoverlay(  261): src_rect mdp_rect x=0 y=0 w=720 h=1280
E/qdoverlay(  261): dst_rect mdp_rect x=0 y=0 w=720 h=1280
I/SystemServer(  767): System Content Providers
W/ActivityManager(  767): Can't addPackageDependency on system process
E/qdoverlay(  261): Bad ov dump:  mdp_overlay z=0 fg=0 alpha=255 mask=-1 flags=0x220000 id=-1
E/qdoverlay(  261): src msmfb_img w=736 h=1280 format=13 MDP_RGBA_8888
E/qdoverlay(  261): src_rect mdp_rect x=0 y=0 w=720 h=1280
E/qdoverlay(  261): dst_rect mdp_rect x=0 y=0 w=720 h=1280
E/qdoverlay(  261): Bad ov dump:  mdp_overlay z=0 fg=0 alpha=255 mask=-1 flags=0x220000 id=-1
E/qdoverlay(  261): src msmfb_img w=736 h=1280 format=13 MDP_RGBA_8888
E/qdoverlay(  261): src_rect mdp_rect x=0 y=0 w=720 h=1280
E/qdoverlay(  261): dst_rect mdp_rect x=0 y=0 w=720 h=1280
W/CoreSettingsObserver(  767): Cannot find setting "debug_view_attributes"
W/CoreSettingsObserver(  767): android.provider.Settings$SettingNotFoundException: debug_view_attributes
W/CoreSettingsObserver(  767): 	at android.provider.Settings$Global.getInt(Settings.java:7375)
W/CoreSettingsObserver(  767): 	at com.android.server.am.CoreSettingsObserver.populateSettings(CoreSettingsObserver.java:129)
W/CoreSettingsObserver(  767): 	at com.android.server.am.CoreSettingsObserver.sendCoreSettings(CoreSettingsObserver.java:82)
W/CoreSettingsObserver(  767): 	at com.android.server.am.CoreSettingsObserver.<init>(CoreSettingsObserver.java:65)
W/CoreSettingsObserver(  767): 	at com.android.server.am.ActivityManagerService.installSystemProviders(ActivityManagerService.java:9934)
W/CoreSettingsObserver(  767): 	at com.android.server.SystemServer.startOtherServices(SystemServer.java:479)
W/CoreSettingsObserver(  767): 	at com.android.server.SystemServer.run(SystemServer.java:281)
W/CoreSettingsObserver(  767): 	at com.android.server.SystemServer.main(SystemServer.java:182)
W/CoreSettingsObserver(  767): 	at java.lang.reflect.Method.invoke(Native Method)
W/CoreSettingsObserver(  767): 	at java.lang.reflect.Method.invoke(Method.java:372)
W/CoreSettingsObserver(  767): 	at com.android.internal.os.ZygoteInit$MethodAndArgsCaller.run(ZygoteInit.java:898)
W/CoreSettingsObserver(  767): 	at com.android.internal.os.ZygoteInit.main(ZygoteInit.java:693)
I/SystemServer(  767): Vibrator Service
I/SystemServer(  767): Consumer IR Service
E/ConsumerIrService(  767): Can't open consumer IR HW Module, error: -2
I/SystemServiceManager(  767): Starting com.android.server.AlarmManagerService
I/SystemServer(  767): Init Watchdog
E/qdoverlay(  261): Bad ov dump:  mdp_overlay z=0 fg=0 alpha=255 mask=-1 flags=0x220000 id=-1
E/qdoverlay(  261): src msmfb_img w=736 h=1280 format=13 MDP_RGBA_8888
E/qdoverlay(  261): src_rect mdp_rect x=0 y=0 w=720 h=1280
E/qdoverlay(  261): dst_rect mdp_rect x=0 y=0 w=720 h=1280
I/SystemServer(  767): Input Manager
I/InputManager(  767): Initializing input manager, mUseDevInputEventForAudioJack=false
I/SystemServer(  767): Window Manager
E/qdoverlay(  261): Bad ov dump:  mdp_overlay z=0 fg=0 alpha=255 mask=-1 flags=0x220000 id=-1
E/qdoverlay(  261): src msmfb_img w=736 h=1280 format=13 MDP_RGBA_8888
E/qdoverlay(  261): src_rect mdp_rect x=0 y=0 w=720 h=1280
E/qdoverlay(  261): dst_rect mdp_rect x=0 y=0 w=720 h=1280
E/qdoverlay(  261): Bad ov dump:  mdp_overlay z=0 fg=0 alpha=255 mask=-1 flags=0x220000 id=-1
E/qdoverlay(  261): src msmfb_img w=736 h=1280 format=13 MDP_RGBA_8888
E/qdoverlay(  261): src_rect mdp_rect x=0 y=0 w=720 h=1280
E/qdoverlay(  261): dst_rect mdp_rect x=0 y=0 w=720 h=1280
E/qdoverlay(  261): Bad ov dump:  mdp_overlay z=0 fg=0 alpha=255 mask=-1 flags=0x220000 id=-1
E/qdoverlay(  261): src msmfb_img w=736 h=1280 format=13 MDP_RGBA_8888
E/qdoverlay(  261): src_rect mdp_rect x=0 y=0 w=720 h=1280
E/qdoverlay(  261): dst_rect mdp_rect x=0 y=0 w=720 h=1280
I/WindowManager(  767): No existing display settings /data/system/display_settings.xml; starting empty
D/PermissionCache(  261): checking android.permission.ACCESS_SURFACE_FLINGER for uid=1000 => granted (2646 us)
E/qdoverlay(  261): Bad ov dump:  mdp_overlay z=0 fg=0 alpha=255 mask=-1 flags=0x220000 id=-1
E/qdoverlay(  261): src msmfb_img w=736 h=1280 format=13 MDP_RGBA_8888
E/qdoverlay(  261): src_rect mdp_rect x=0 y=0 w=720 h=1280
E/qdoverlay(  261): dst_rect mdp_rect x=0 y=0 w=720 h=1280
E/qdoverlay(  261): Bad ov dump:  mdp_overlay z=0 fg=0 alpha=255 mask=-1 flags=0x220000 id=-1
E/qdoverlay(  261): src msmfb_img w=736 h=1280 format=13 MDP_RGBA_8888
E/qdoverlay(  261): src_rect mdp_rect x=0 y=0 w=720 h=1280
E/qdoverlay(  261): dst_rect mdp_rect x=0 y=0 w=720 h=1280
E/qdoverlay(  261): Bad ov dump:  mdp_overlay z=0 fg=0 alpha=255 mask=-1 flags=0x220000 id=-1
E/qdoverlay(  261): src msmfb_img w=736 h=1280 format=13 MDP_RGBA_8888
E/qdoverlay(  261): src_rect mdp_rect x=0 y=0 w=720 h=1280
E/qdoverlay(  261): dst_rect mdp_rect x=0 y=0 w=720 h=1280
I/InputManager(  767): Starting input manager
D/EventHub(  767): No input device configuration file found for device 'msm8226-tapan9302-snd-card Headset Jack'.
I/EventHub(  767): New device: id=1, fd=84, path='/dev/input/event10', name='msm8226-tapan9302-snd-card Headset Jack', classes=0x80, configuration='', keyLayout='', keyCharacterMap='', builtinKeyboard=false, wakeMechanism=EVIOCSSUSPENDBLOCK, usingClockIoctl=true
I/SystemServer(  767): Bluetooth Manager Service
D/EventHub(  767): No input device configuration file found for device 'msm8226-tapan9302-snd-card Button Jack'.
W/EventHub(  767): Unable to disable kernel key repeat for /dev/input/event9: Function not implemented
I/EventHub(  767): New device: id=2, fd=85, path='/dev/input/event9', name='msm8226-tapan9302-snd-card Button Jack', classes=0x1, configuration='', keyLayout='/system/usr/keylayout/Generic.kl', keyCharacterMap='/system/usr/keychars/Generic.kcm', builtinKeyboard=false, wakeMechanism=EVIOCSSUSPENDBLOCK, usingClockIoctl=true
D/EventHub(  767): No input device configuration file found for device 'synaptics_dsx_i2c'.
I/EventHub(  767): New device: id=3, fd=86, path='/dev/input/event4', name='synaptics_dsx_i2c', classes=0x14, configuration='', keyLayout='', keyCharacterMap='', builtinKeyboard=false, wakeMechanism=EVIOCSSUSPENDBLOCK, usingClockIoctl=true
D/EventHub(  767): No input device configuration file found for device 'qpnp_pon'.
E/qdoverlay(  261): Bad ov dump:  mdp_overlay z=0 fg=0 alpha=255 mask=-1 flags=0x220000 id=-1
E/qdoverlay(  261): src msmfb_img w=736 h=1280 format=13 MDP_RGBA_8888
E/qdoverlay(  261): src_rect mdp_rect x=0 y=0 w=720 h=1280
E/qdoverlay(  261): dst_rect mdp_rect x=0 y=0 w=720 h=1280
D/BluetoothManagerService(  767): Loading stored name and address
D/BluetoothManagerService(  767): Stored bluetooth Name=Moto G,Address=22:22:FF:F8:49:0B
I/SystemServer(  767): Input Method Service
W/EventHub(  767): Unable to disable kernel key repeat for /dev/input/event7: Function not implemented
I/EventHub(  767): New device: id=4, fd=87, path='/dev/input/event7', name='qpnp_pon', classes=0x1, configuration='', keyLayout='/system/usr/keylayout/Generic.kl', keyCharacterMap='/system/usr/keychars/Generic.kcm', builtinKeyboard=false, wakeMechanism=EVIOCSSUSPENDBLOCK, usingClockIoctl=true
D/EventHub(  767): No input device configuration file found for device 'proximity'.
W/InputMethodManagerService(  767): Couldn't create dir.: /data/system/inputmethod
E/qdoverlay(  261): Bad ov dump:  mdp_overlay z=0 fg=0 alpha=255 mask=-1 flags=0x220000 id=-1
E/qdoverlay(  261): src msmfb_img w=736 h=1280 format=13 MDP_RGBA_8888
E/qdoverlay(  261): src_rect mdp_rect x=0 y=0 w=720 h=1280
E/qdoverlay(  261): dst_rect mdp_rect x=0 y=0 w=720 h=1280
D/EventHub(  767): No input device configuration file found for device 'lightsensor-level'.
E/qdoverlay(  261): Bad ov dump:  mdp_overlay z=0 fg=0 alpha=255 mask=-1 flags=0x220000 id=-1
E/qdoverlay(  261): src msmfb_img w=736 h=1280 format=13 MDP_RGBA_8888
E/qdoverlay(  261): src_rect mdp_rect x=0 y=0 w=720 h=1280
E/qdoverlay(  261): dst_rect mdp_rect x=0 y=0 w=720 h=1280
I/SystemServer(  767): Accessibility Manager
D/EventHub(  767): No input device configuration file found for device 'bmm050'.
E/qdoverlay(  261): Bad ov dump:  mdp_overlay z=0 fg=0 alpha=255 mask=-1 flags=0x220000 id=-1
E/qdoverlay(  261): src msmfb_img w=736 h=1280 format=13 MDP_RGBA_8888
E/qdoverlay(  261): src_rect mdp_rect x=0 y=0 w=720 h=1280
E/qdoverlay(  261): dst_rect mdp_rect x=0 y=0 w=720 h=1280
I/ActivityManager(  767): Config changes=1df8 {1.0 ?mcc?mnc en_US ldltr sw360dp w360dp h640dp 320dpi nrml long port ?uimode ?night -touch -keyb/v/h -nav/h s.2}
E/qdoverlay(  261): Bad ov dump:  mdp_overlay z=0 fg=0 alpha=255 mask=-1 flags=0x220000 id=-1
E/qdoverlay(  261): src msmfb_img w=736 h=1280 format=13 MDP_RGBA_8888
E/qdoverlay(  261): src_rect mdp_rect x=0 y=0 w=720 h=1280
E/qdoverlay(  261): dst_rect mdp_rect x=0 y=0 w=720 h=1280
I/ActivityManager(  767): Config changes=400 {1.0 ?mcc?mnc en_US ldltr sw360dp w360dp h615dp 320dpi nrml long port ?uimode ?night -touch -keyb/v/h -nav/h s.3}
I/SystemServer(  767): Mount Service
D/MountService(  767): got storage path: /storage/sdcard0 description: Internal storage primary: true removable: false emulated: true mtpReserve: 100 allowMassStorage: true maxFileSize: 0
D/MountService(  767): addVolumeLocked() StorageVolume:
D/MountService(  767):     mStorageId=65537 mPath=/storage/emulated/0 mDescriptionId=17040907 
D/MountService(  767):     mPrimary=true mRemovable=false mEmulated=true mMtpReserveSpace=100 
D/MountService(  767):     mAllowMassStorage=false mMaxFileSize=0 mOwner=UserHandle{0} mUuid=null 
D/MountService(  767):     mUserLabel=null mState=null 
D/MountService(  767): got storage path: /storage/sdcard1 description: SD card primary: false removable: true emulated: false mtpReserve: 0 allowMassStorage: true maxFileSize: 0
D/MountService(  767): addVolumeLocked() StorageVolume:
D/MountService(  767):     mStorageId=0 mPath=/storage/sdcard1 mDescriptionId=17040908 mPrimary=false 
D/MountService(  767):     mRemovable=true mEmulated=false mMtpReserveSpace=0 mAllowMassStorage=true 
D/MountService(  767):     mMaxFileSize=0 mOwner=null mUuid=null mUserLabel=null mState=null 
D/MountService(  767): got storage path: /storage/usbdisk description: USB storage primary: false removable: true emulated: false mtpReserve: 0 allowMassStorage: false maxFileSize: 0
D/MountService(  767): addVolumeLocked() StorageVolume:
D/MountService(  767):     mStorageId=0 mPath=/storage/usbdisk mDescriptionId=17040909 mPrimary=false 
D/MountService(  767):     mRemovable=true mEmulated=false mMtpReserveSpace=0 mAllowMassStorage=false 
D/MountService(  767):     mMaxFileSize=0 mOwner=null mUuid=null mUserLabel=null mState=null 
E/qdoverlay(  261): Bad ov dump:  mdp_overlay z=0 fg=0 alpha=255 mask=-1 flags=0x220000 id=-1
E/qdoverlay(  261): src msmfb_img w=736 h=1280 format=13 MDP_RGBA_8888
E/qdoverlay(  261): src_rect mdp_rect x=0 y=0 w=720 h=1280
E/qdoverlay(  261): dst_rect mdp_rect x=0 y=0 w=720 h=1280
I/SystemServer(  767): LockSettingsService
I/SystemServiceManager(  767): Starting com.android.server.devicepolicy.DevicePolicyManagerService$Lifecycle
I/UsageStatsService(  767): User[0] Rollover scheduled @ 1970-01-08 00:00:00(604800000)
W/MountService(  767): Duplicate state transition (unmounted -> unmounted) for /storage/sdcard1
D/MountService(  767): volume state changed for /storage/usbdisk (unmounted -> removed)
E/qdoverlay(  261): Bad ov dump:  mdp_overlay z=0 fg=0 alpha=255 mask=-1 flags=0x220000 id=-1
E/qdoverlay(  261): src msmfb_img w=736 h=1280 format=13 MDP_RGBA_8888
E/qdoverlay(  261): src_rect mdp_rect x=0 y=0 w=720 h=1280
E/qdoverlay(  261): dst_rect mdp_rect x=0 y=0 w=720 h=1280
I/PackageManager(  767): No secure containers found
I/SystemServer(  767): Status Bar
W/PackageManager(  767): Unknown permission com.google.android.googleapps.permission.GOOGLE_AUTH.mail in package com.android.calendar
W/PackageManager(  767): Unknown permission com.qualcomm.permission.USE_PHONE_SERVICE in package com.android.dialer
W/PackageManager(  767): Unknown permission android.permission.MMS_PUSH in package org.codeaurora.bluetooth
W/PackageManager(  767): Unknown permission com.cyanogenmod.filemanager.permissions.READ_THEME in package com.cyanogenmod.filemanager
W/PackageManager(  767): Unknown permission com.google.android.gallery3d.permission.PICASA_STORE in package com.android.dreams.phototable
W/PackageManager(  767): Unknown permission com.google.android.googleapps.permission.GOOGLE_AUTH in package com.android.settings
W/PackageManager(  767): Unknown permission com.android.launcher.permission.READ_SETTINGS in package com.android.settings
W/PackageManager(  767): Unknown permission com.android.launcher.permission.WRITE_SETTINGS in package com.android.settings
W/PackageManager(  767): Not granting permission android.permission.DELETE_PACKAGES to package com.svox.pico (protectionLevel=18 flags=0x8be45)
W/PackageManager(  767): Not granting permission android.permission.BIND_WALLPAPER to package com.android.camera2 (protectionLevel=18 flags=0x58bc45)
W/PackageManager(  767): Unknown permission com.google.android.gallery3d.permission.GALLERY_PROVIDER in package com.android.bluetooth
W/PackageManager(  767): Unknown permission com.android.launcher.permission.READ_SETTINGS in package com.android.onetimeinitializer
W/PackageManager(  767): Unknown permission com.android.launcher.permission.WRITE_SETTINGS in package com.android.onetimeinitializer
W/PackageManager(  767): Unknown permission com.android.firewall.READ_GRAVITY in package com.android.contacts
W/PackageManager(  767): Unknown permission com.android.firewall.WRITE_GRAVITY in package com.android.contacts
W/PackageManager(  767): Not granting permission android.permission.DEVICE_POWER to package com.android.deskclock (protectionLevel=2 flags=0x48be45)
W/PackageManager(  767): Unknown permission com.android.deskclock.worldclock.permissions.WRITE_DATABASE in package com.android.deskclock
W/PackageManager(  767): Unknown permission com.google.android.googleapps.permission.GOOGLE_AUTH in package com.android.providers.calendar
W/PackageManager(  767): Unknown permission com.google.android.googleapps.permission.GOOGLE_AUTH.cl in package com.android.providers.calendar
W/PackageManager(  767): Not granting permission android.permission.WRITE_MEDIA_STORAGE to package com.android.soundrecorder (protectionLevel=18 flags=0x8be45)
W/PackageManager(  767): Unknown permission android.permission.INSTALL_DRM in package com.android.mms
W/PackageManager(  767): Unknown permission com.qualcomm.permission.USE_PHONE_SERVICE in package com.android.mms
W/PackageManager(  767): Not granting permission android.permission.MANAGE_DOCUMENTS to package com.android.mms (protectionLevel=2 flags=0x4049be65)
W/PackageManager(  767): Not granting permission android.permission.ACCESS_DOWNLOAD_MANAGER to package com.android.browser (protectionLevel=18 flags=0x9be45)
W/PackageManager(  767): Not granting permission android.permission.SEND_DOWNLOAD_COMPLETED_INTENTS to package com.android.browser (protectionLevel=2 flags=0x9be45)
W/PackageManager(  767): Unknown permission com.google.android.googleapps.permission.ACCESS_GOOGLE_PASSWORD in package com.android.development
W/PackageManager(  767): Unknown permission com.google.android.googleapps.permission.GOOGLE_AUTH in package com.android.development
W/PackageManager(  767): Unknown permission com.google.android.googleapps.permission.GOOGLE_AUTH.ALL_SERVICES in package com.android.development
W/PackageManager(  767): Unknown permission com.google.android.googleapps.permission.GOOGLE_AUTH.YouTubeUser in package com.android.development
W/PackageManager(  767): Unknown permission com.android.launcher.permission.READ_SETTINGS in package com.cyanogenmod.trebuchet
W/PackageManager(  767): Unknown permission com.android.launcher.permission.WRITE_SETTINGS in package com.cyanogenmod.trebuchet
I/SystemServer(  767): Clipboard Service
W/ClipboardService(  767): No security bridge jar found, using default
I/SystemServer(  767): NetworkManagement Service
I/SystemServer(  767): Text Service Manager Service
E/qdoverlay(  261): Bad ov dump:  mdp_overlay z=0 fg=0 alpha=255 mask=-1 flags=0x220000 id=-1
E/qdoverlay(  261): src msmfb_img w=736 h=1280 format=13 MDP_RGBA_8888
E/qdoverlay(  261): src_rect mdp_rect x=0 y=0 w=720 h=1280
E/qdoverlay(  261): dst_rect mdp_rect x=0 y=0 w=720 h=1280
I/SystemServer(  767): Network Score Service
D/EventHub(  767): No input device configuration file found for device 'bmg160'.
I/SystemServer(  767): NetworkStats Service
E/qdoverlay(  261): Bad ov dump:  mdp_overlay z=0 fg=0 alpha=255 mask=-1 flags=0x220000 id=-1
E/qdoverlay(  261): src msmfb_img w=736 h=1280 format=13 MDP_RGBA_8888
E/qdoverlay(  261): src_rect mdp_rect x=0 y=0 w=720 h=1280
E/qdoverlay(  261): dst_rect mdp_rect x=0 y=0 w=720 h=1280
I/SystemServer(  767): NetworkPolicy Service
D/EventHub(  767): No input device configuration file found for device 'bma_interrupt'.
I/SystemServiceManager(  767): Starting com.android.server.wifi.p2p.WifiP2pService
E/qdoverlay(  261): Bad ov dump:  mdp_overlay z=0 fg=0 alpha=255 mask=-1 flags=0x220000 id=-1
E/qdoverlay(  261): src msmfb_img w=736 h=1280 format=13 MDP_RGBA_8888
E/qdoverlay(  261): src_rect mdp_rect x=0 y=0 w=720 h=1280
E/qdoverlay(  261): dst_rect mdp_rect x=0 y=0 w=720 h=1280
E/qdoverlay(  261): Bad ov dump:  mdp_overlay z=0 fg=0 alpha=255 mask=-1 flags=0x220000 id=-1
E/qdoverlay(  261): src msmfb_img w=736 h=1280 format=13 MDP_RGBA_8888
E/qdoverlay(  261): src_rect mdp_rect x=0 y=0 w=720 h=1280
E/qdoverlay(  261): dst_rect mdp_rect x=0 y=0 w=720 h=1280
D/EventHub(  767): No input device configuration file found for device 'bma2x2'.
I/WifiP2pService(  767): Registering wifip2p
E/qdoverlay(  261): Bad ov dump:  mdp_overlay z=0 fg=0 alpha=255 mask=-1 flags=0x220000 id=-1
E/qdoverlay(  261): src msmfb_img w=736 h=1280 format=13 MDP_RGBA_8888
E/qdoverlay(  261): src_rect mdp_rect x=0 y=0 w=720 h=1280
E/qdoverlay(  261): dst_rect mdp_rect x=0 y=0 w=720 h=1280
I/SystemServiceManager(  767): Starting com.android.server.wifi.WifiService
E/qdoverlay(  261): Bad ov dump:  mdp_overlay z=0 fg=0 alpha=255 mask=-1 flags=0x220000 id=-1
E/qdoverlay(  261): src msmfb_img w=736 h=1280 format=13 MDP_RGBA_8888
E/qdoverlay(  261): src_rect mdp_rect x=0 y=0 w=720 h=1280
E/qdoverlay(  261): dst_rect mdp_rect x=0 y=0 w=720 h=1280
E/EventHub(  767): could not get driver version for /dev/input/mice, Not a typewriter
E/qdoverlay(  261): Bad ov dump:  mdp_overlay z=0 fg=0 alpha=255 mask=-1 flags=0x220000 id=-1
E/qdoverlay(  261): src msmfb_img w=736 h=1280 format=13 MDP_RGBA_8888
E/qdoverlay(  261): src_rect mdp_rect x=0 y=0 w=720 h=1280
E/qdoverlay(  261): dst_rect mdp_rect x=0 y=0 w=720 h=1280
E/qdoverlay(  261): Bad ov dump:  mdp_overlay z=0 fg=0 alpha=255 mask=-1 flags=0x220000 id=-1
E/qdoverlay(  261): src msmfb_img w=736 h=1280 format=13 MDP_RGBA_8888
E/qdoverlay(  261): src_rect mdp_rect x=0 y=0 w=720 h=1280
E/qdoverlay(  261): dst_rect mdp_rect x=0 y=0 w=720 h=1280
D/EventHub(  767): No input device configuration file found for device 'gpio-keys'.
W/EventHub(  767): Unable to disable kernel key repeat for /dev/input/event8: Function not implemented
I/EventHub(  767): New device: id=11, fd=104, path='/dev/input/event8', name='gpio-keys', classes=0x81, configuration='', keyLayout='/system/usr/keylayout/Generic.kl', keyCharacterMap='/system/usr/keychars/Generic.kcm', builtinKeyboard=false, wakeMechanism=EVIOCSSUSPENDBLOCK, usingClockIoctl=true
E/qdoverlay(  261): Bad ov dump:  mdp_overlay z=0 fg=0 alpha=255 mask=-1 flags=0x220000 id=-1
E/qdoverlay(  261): src msmfb_img w=736 h=1280 format=13 MDP_RGBA_8888
E/qdoverlay(  261): src_rect mdp_rect x=0 y=0 w=720 h=1280
E/qdoverlay(  261): dst_rect mdp_rect x=0 y=0 w=720 h=1280
I/InputReader(  767): Device added: id=-1, name='Virtual', sources=0x00000301
I/InputReader(  767): Device added: id=11, name='gpio-keys', sources=0x80000101
I/InputReader(  767): Device added: id=4, name='qpnp_pon', sources=0x00000101
I/InputReader(  767):   Touch device 'synaptics_dsx_i2c' could not query the properties of its associated display.  The device will be inoperable until the display size becomes available.
I/InputReader(  767): Device added: id=3, name='synaptics_dsx_i2c', sources=0x00001002
I/InputReader(  767): Device added: id=2, name='msm8226-tapan9302-snd-card Button Jack', sources=0x00000101
I/InputReader(  767): Device added: id=1, name='msm8226-tapan9302-snd-card Headset Jack', sources=0x80000000
I/ActivityManager(  767): Config changes=8 {1.0 ?mcc?mnc en_US ldltr sw360dp w360dp h615dp 320dpi nrml long port ?uimode ?night finger -keyb/v/h -nav/h s.4}
I/InputReader(  767): Reconfiguring input devices.  changes=0x00000004
I/InputReader(  767): Device reconfigured: id=3, name='synaptics_dsx_i2c', size 720x1280, orientation 0, mode 1, display id 0
E/qdoverlay(  261): Bad ov dump:  mdp_overlay z=0 fg=0 alpha=255 mask=-1 flags=0x220000 id=-1
E/qdoverlay(  261): src msmfb_img w=736 h=1280 format=13 MDP_RGBA_8888
E/qdoverlay(  261): src_rect mdp_rect x=0 y=0 w=720 h=1280
E/qdoverlay(  261): dst_rect mdp_rect x=0 y=0 w=720 h=1280
I/AudioFlinger(  308): AudioFlinger's thread 0xb5301000 ready to run
D/audio_hw_primary(  308): out_set_parameters: enter: usecase(1: low-latency-playback) kvpairs: routing=2
D/audio_hw_primary(  308): out_standby: enter: stream (0xb605e340) usecase(1: low-latency-playback)
D/audio_hw_primary(  308): adev_open_input_stream: enter: sample_rate(48000) channel_mask(0xc) devices(0x80000004)        stream_handle(0xb604da20)
I/AudioFlinger(  308): AudioFlinger's thread 0xb5383000 ready to run
D/audio_hw_primary(  308): adev_close_input_stream: enter:stream_handle(0xb604da20)
D/audio_hw_primary(  308): in_standby: enter: stream (0xb604da20) usecase(7: audio-record)
E/qdoverlay(  261): Bad ov dump:  mdp_overlay z=0 fg=0 alpha=255 mask=-1 flags=0x220000 id=-1
I/audio_a2dp_hw(  308): adev_open:  adev_open in A2dp_hw module
E/qdoverlay(  261): src msmfb_img w=736 h=1280 format=13 MDP_RGBA_8888
E/qdoverlay(  261): src_rect mdp_rect x=0 y=0 w=720 h=1280
I/AudioFlinger(  308): loadHwModule() Loaded a2dp audio interface from A2DP Audio HW HAL (audio) handle 7
E/qdoverlay(  261): dst_rect mdp_rect x=0 y=0 w=720 h=1280
I/AudioFlinger(  308): loadHwModule() Loaded usb audio interface from USB audio HW HAL (audio) handle 8
I/r_submix(  308): adev_open(name=audio_hw_if)
I/r_submix(  308): adev_init_check()
I/AudioFlinger(  308): loadHwModule() Loaded r_submix audio interface from Wifi Display audio HAL (audio) handle 9
D/r_submix(  308): adev_open_input_stream()
D/r_submix(  308): submix_audio_device_create_pipe()
I/AudioFlinger(  308): AudioFlinger's thread 0xb5383000 ready to run
D/r_submix(  308): adev_close_input_stream()
D/r_submix(  308): submix_audio_device_release_pipe()
D/r_submix(  308): submix_audio_device_destroy_pipe(): pipe destroyed
E/SoundTriggerHwService(  308): couldn't load sound trigger module sound_trigger.primary (No such file or directory)
E/qdoverlay(  261): Bad ov dump:  mdp_overlay z=0 fg=0 alpha=255 mask=-1 flags=0x220000 id=-1
E/qdoverlay(  261): src msmfb_img w=736 h=1280 format=13 MDP_RGBA_8888
E/qdoverlay(  261): src_rect mdp_rect x=0 y=0 w=720 h=1280
E/qdoverlay(  261): dst_rect mdp_rect x=0 y=0 w=720 h=1280
E/qdoverlay(  261): Bad ov dump:  mdp_overlay z=0 fg=0 alpha=255 mask=-1 flags=0x220000 id=-1
E/qdoverlay(  261): src msmfb_img w=736 h=1280 format=13 MDP_RGBA_8888
E/qdoverlay(  261): src_rect mdp_rect x=0 y=0 w=720 h=1280
E/qdoverlay(  261): dst_rect mdp_rect x=0 y=0 w=720 h=1280
E/qdoverlay(  261): Bad ov dump:  mdp_overlay z=0 fg=0 alpha=255 mask=-1 flags=0x220000 id=-1
E/qdoverlay(  261): src msmfb_img w=736 h=1280 format=13 MDP_RGBA_8888
E/qdoverlay(  261): src_rect mdp_rect x=0 y=0 w=720 h=1280
E/qdoverlay(  261): dst_rect mdp_rect x=0 y=0 w=720 h=1280
I/ThermalEngine(  321): Sensor:xo_therm_pu2:39000 mC
E/qdoverlay(  261): Bad ov dump:  mdp_overlay z=0 fg=0 alpha=255 mask=-1 flags=0x220000 id=-1
E/qdoverlay(  261): src msmfb_img w=736 h=1280 format=13 MDP_RGBA_8888
E/qdoverlay(  261): src_rect mdp_rect x=0 y=0 w=720 h=1280
E/qdoverlay(  261): dst_rect mdp_rect x=0 y=0 w=720 h=1280
E/WifiConfigStore(  767): associatedPartialScanPeriodMilli set to 20000
D/WifiController(  767): isAirplaneModeOn = false, isWifiEnabled = false, isScanningAvailable = false
I/WifiService(  767): Registering wifi
I/SystemServiceManager(  767): Starting com.android.server.wifi.WifiScanningService
I/WifiScanningService(  767): Creating wifiscanner
I/WifiScanningService(  767): Starting wifiscanner
E/qdoverlay(  261): Bad ov dump:  mdp_overlay z=0 fg=0 alpha=255 mask=-1 flags=0x220000 id=-1
E/qdoverlay(  261): src msmfb_img w=736 h=1280 format=13 MDP_RGBA_8888
I/SystemServiceManager(  767): Starting com.android.server.wifi.RttService
E/qdoverlay(  261): src_rect mdp_rect x=0 y=0 w=720 h=1280
E/qdoverlay(  261): dst_rect mdp_rect x=0 y=0 w=720 h=1280
I/RttService(  767): Creating rttmanager
I/RttService(  767): Starting rttmanager
I/SystemServer(  767): Connectivity Service
D/ConnectivityService(  767): ConnectivityService starting up
E/qdoverlay(  261): Bad ov dump:  mdp_overlay z=0 fg=0 alpha=255 mask=-1 flags=0x220000 id=-1
E/qdoverlay(  261): src msmfb_img w=736 h=1280 format=13 MDP_RGBA_8888
E/qdoverlay(  261): src_rect mdp_rect x=0 y=0 w=720 h=1280
E/qdoverlay(  261): dst_rect mdp_rect x=0 y=0 w=720 h=1280
D/ConnectivityService(  767): wifiOnly=false
I/SystemServer(  767): Network Service Discovery Service
D/NsdService(  767): Network service discovery enabled true
I/SystemServer(  767): DPM Service
I/SystemServer(  767): DPM configuration set to 0
I/SystemServer(  767): UpdateLock Service
E/qdoverlay(  261): Bad ov dump:  mdp_overlay z=0 fg=0 alpha=255 mask=-1 flags=0x220000 id=-1
E/qdoverlay(  261): src msmfb_img w=736 h=1280 format=13 MDP_RGBA_8888
E/qdoverlay(  261): src_rect mdp_rect x=0 y=0 w=720 h=1280
E/qdoverlay(  261): dst_rect mdp_rect x=0 y=0 w=720 h=1280
E/qdoverlay(  261): Bad ov dump:  mdp_overlay z=0 fg=0 alpha=255 mask=-1 flags=0x220000 id=-1
E/qdoverlay(  261): src msmfb_img w=736 h=1280 format=13 MDP_RGBA_8888
E/qdoverlay(  261): src_rect mdp_rect x=0 y=0 w=720 h=1280
E/qdoverlay(  261): dst_rect mdp_rect x=0 y=0 w=720 h=1280
I/SystemServiceManager(  767): Starting com.android.server.notification.NotificationManagerService
E/qdoverlay(  261): Bad ov dump:  mdp_overlay z=0 fg=0 alpha=255 mask=-1 flags=0x220000 id=-1
E/qdoverlay(  261): src msmfb_img w=736 h=1280 format=13 MDP_RGBA_8888
E/qdoverlay(  261): src_rect mdp_rect x=0 y=0 w=720 h=1280
E/qdoverlay(  261): dst_rect mdp_rect x=0 y=0 w=720 h=1280
I/SystemServiceManager(  767): Starting com.android.server.storage.DeviceStorageMonitorService
E/qdoverlay(  261): Bad ov dump:  mdp_overlay z=0 fg=0 alpha=255 mask=-1 flags=0x220000 id=-1
E/qdoverlay(  261): src msmfb_img w=736 h=1280 format=13 MDP_RGBA_8888
E/qdoverlay(  261): src_rect mdp_rect x=0 y=0 w=720 h=1280
E/qdoverlay(  261): dst_rect mdp_rect x=0 y=0 w=720 h=1280
I/SystemServer(  767): Location Manager
I/SystemServer(  767): Country Detector
I/SystemServer(  767): Search Service
E/qdoverlay(  261): Bad ov dump:  mdp_overlay z=0 fg=0 alpha=255 mask=-1 flags=0x220000 id=-1
E/qdoverlay(  261): src msmfb_img w=736 h=1280 format=13 MDP_RGBA_8888
E/qdoverlay(  261): src_rect mdp_rect x=0 y=0 w=720 h=1280
E/qdoverlay(  261): dst_rect mdp_rect x=0 y=0 w=720 h=1280
I/SystemServer(  767): DropBox Service
I/SystemServer(  767): Wallpaper Service
W/WallpaperManagerService(  767): no current wallpaper -- first boot?
I/SystemServer(  767): Profile Manager
D/WifiService(  767): New client listening to asynchronous messages
V/ProfileTriggerHelper(  767): Enabling
D/ProfileService(  767): Found active: 17b1e6f7-c046-477f-91e1-21e1b92cc9e5
E/qdoverlay(  261): Bad ov dump:  mdp_overlay z=0 fg=0 alpha=255 mask=-1 flags=0x220000 id=-1
E/qdoverlay(  261): src msmfb_img w=736 h=1280 format=13 MDP_RGBA_8888
E/qdoverlay(  261): src_rect mdp_rect x=0 y=0 w=720 h=1280
E/qdoverlay(  261): dst_rect mdp_rect x=0 y=0 w=720 h=1280
E/qdoverlay(  261): Bad ov dump:  mdp_overlay z=0 fg=0 alpha=255 mask=-1 flags=0x220000 id=-1
E/qdoverlay(  261): src msmfb_img w=736 h=1280 format=13 MDP_RGBA_8888
E/qdoverlay(  261): src_rect mdp_rect x=0 y=0 w=720 h=1280
E/qdoverlay(  261): dst_rect mdp_rect x=0 y=0 w=720 h=1280
D/ProfileService(  767): Set active profile to: 17b1e6f7-c046-477f-91e1-21e1b92cc9e5 - Default
D/ProfileService(  767): Saving profile data...
D/ProfileService(  767): Save completed.
I/art     (  767): Background sticky concurrent mark sweep GC freed 33377(2MB) AllocSpace objects, 10(160KB) LOS objects, 16% free, 11MB/14MB, paused 6.784ms total 70.365ms
I/SystemServer(  767): Audio Service
E/qdoverlay(  261): Bad ov dump:  mdp_overlay z=0 fg=0 alpha=255 mask=-1 flags=0x220000 id=-1
E/qdoverlay(  261): src msmfb_img w=736 h=1280 format=13 MDP_RGBA_8888
E/qdoverlay(  261): src_rect mdp_rect x=0 y=0 w=720 h=1280
E/qdoverlay(  261): dst_rect mdp_rect x=0 y=0 w=720 h=1280
W/TelecomManager(  767): Telecom Service not found.
D/audio_hw_primary(  308): adev_set_mic_mute state 0
E/qdoverlay(  261): Bad ov dump:  mdp_overlay z=0 fg=0 alpha=255 mask=-1 flags=0x220000 id=-1
E/qdoverlay(  261): src msmfb_img w=736 h=1280 format=13 MDP_RGBA_8888
E/qdoverlay(  261): src_rect mdp_rect x=0 y=0 w=720 h=1280
E/qdoverlay(  261): dst_rect mdp_rect x=0 y=0 w=720 h=1280
E/Diag_Lib(  321): qmi_client [321]: unable to connect to server, errno=[2:No such file or directory], attempt=10
V/AudioService(  767): monitoring device rotation, initial=0
D/bsthal  (  767): activate, handle: 1598182229, enabled: 1, index 0
E/bsthal  (  767): <BST> enable accel, orig state: 0
I/bsthal  (  767): <BST> enable sensor <BOSCH BMC150 Acceleration Sensor>
D/bsthal  (  767): setDelay, handle: 1598182229 delay: 200000000
E/bsthal  (  767): <BST> set delay: 200000000ns
I/bsthal  (  767): <BST> set delay of <BOSCH BMC150 Acceleration Sensor> to 200ms
D/bsthal  (  767): setDelay, handle: 1598182229 delay: 200000000
E/bsthal  (  767): <BST> set delay: 200000000ns
I/bsthal  (  767): <BST> set delay of <BOSCH BMC150 Acceleration Sensor> to 200ms
D/audio_hw_primary(  308): adev_set_parameters: enter: rotation=0
E/audio_a2dp_hw(  308): adev_set_parameters: ERROR: set param called even when stream out is null
I/SystemServiceManager(  767): Starting com.android.server.DockObserver
W/DockObserver(  767): This kernel does not have dock station support
I/SystemServer(  767): Wired Accessory Manager
W/WiredAccessoryManager(  767): This kernel does not have HDMI audio support
I/SystemServiceManager(  767): Starting com.android.server.usb.UsbService$Lifecycle
E/qdoverlay(  261): Bad ov dump:  mdp_overlay z=0 fg=0 alpha=255 mask=-1 flags=0x220000 id=-1
E/qdoverlay(  261): src msmfb_img w=736 h=1280 format=13 MDP_RGBA_8888
E/qdoverlay(  261): src_rect mdp_rect x=0 y=0 w=720 h=1280
E/qdoverlay(  261): dst_rect mdp_rect x=0 y=0 w=720 h=1280
I/SystemServer(  767): Serial Service
I/SystemServiceManager(  767): Starting com.android.server.twilight.TwilightService
E/qdoverlay(  261): Bad ov dump:  mdp_overlay z=0 fg=0 alpha=255 mask=-1 flags=0x220000 id=-1
E/qdoverlay(  261): src msmfb_img w=736 h=1280 format=13 MDP_RGBA_8888
E/qdoverlay(  261): src_rect mdp_rect x=0 y=0 w=720 h=1280
E/qdoverlay(  261): dst_rect mdp_rect x=0 y=0 w=720 h=1280
I/SystemServiceManager(  767): Starting com.android.server.UiModeManagerService
I/SystemServiceManager(  767): Starting com.android.server.job.JobSchedulerService
I/SystemServiceManager(  767): Starting com.android.server.backup.BackupManagerService$Lifecycle
E/qdoverlay(  261): Bad ov dump:  mdp_overlay z=0 fg=0 alpha=255 mask=-1 flags=0x220000 id=-1
E/qdoverlay(  261): src msmfb_img w=736 h=1280 format=13 MDP_RGBA_8888
E/qdoverlay(  261): src_rect mdp_rect x=0 y=0 w=720 h=1280
E/qdoverlay(  261): dst_rect mdp_rect x=0 y=0 w=720 h=1280
I/SELinux (  767): SELinux: Loaded file_contexts from /file_contexts
V/BackupManagerService(  767): No ancestral data
D/BackupManagerService(  767): Now staging backup of com.android.calendar
E/qdoverlay(  261): Bad ov dump:  mdp_overlay z=0 fg=0 alpha=255 mask=-1 flags=0x220000 id=-1
E/qdoverlay(  261): src msmfb_img w=736 h=1280 format=13 MDP_RGBA_8888
E/qdoverlay(  261): src_rect mdp_rect x=0 y=0 w=720 h=1280
E/qdoverlay(  261): dst_rect mdp_rect x=0 y=0 w=720 h=1280
D/BackupManagerService(  767): Now staging backup of com.android.dialer
D/BackupManagerService(  767): Now staging backup of com.android.providers.userdictionary
D/BackupManagerService(  767): Now staging backup of com.android.sharedstoragebackup
D/BackupManagerService(  767): Now staging backup of com.android.providers.settings
D/BackupManagerService(  767): Now staging backup of android
D/BackupManagerService(  767): Now staging backup of com.android.mms
E/qdoverlay(  261): Bad ov dump:  mdp_overlay z=0 fg=0 alpha=255 mask=-1 flags=0x220000 id=-1
E/qdoverlay(  261): src msmfb_img w=736 h=1280 format=13 MDP_RGBA_8888
E/qdoverlay(  261): src_rect mdp_rect x=0 y=0 w=720 h=1280
E/qdoverlay(  261): dst_rect mdp_rect x=0 y=0 w=720 h=1280
D/BackupManagerService(  767): Now staging backup of com.android.browser
V/BackupManagerService(  767): Starting with transport com.google.android.backup/.BackupTransportService
V/BackupManagerService(  767): Found transports: 1
I/BackupManagerService(  767): Binding to transport host ComponentInfo{android/com.android.internal.backup.LocalTransportService}
I/BackupManagerService(  767): Found stale backup journal, scheduling
I/SystemServiceManager(  767): Starting com.android.server.appwidget.AppWidgetService
I/SystemServiceManager(  767): Starting com.android.server.voiceinteraction.VoiceInteractionManagerService
W/SoundTriggerHelper(  767): listModules status=0, # of modules=0
I/SystemServer(  767): DiskStats Service
I/SystemServer(  767): SamplingProfiler Service
I/SystemServer(  767): NetworkTimeUpdateService
I/SystemServer(  767): CommonTimeManagementService
E/qdoverlay(  261): Bad ov dump:  mdp_overlay z=0 fg=0 alpha=255 mask=-1 flags=0x220000 id=-1
E/qdoverlay(  261): src msmfb_img w=736 h=1280 format=13 MDP_RGBA_8888
E/qdoverlay(  261): src_rect mdp_rect x=0 y=0 w=720 h=1280
E/qdoverlay(  261): dst_rect mdp_rect x=0 y=0 w=720 h=1280
I/SystemServer(  767): CertBlacklister
I/SystemServiceManager(  767): Starting com.android.server.dreams.DreamManagerService
I/SystemServer(  767): Assets Atlas Service
I/SystemServiceManager(  767): Starting com.android.server.print.PrintManagerService
E/qdoverlay(  261): Bad ov dump:  mdp_overlay z=0 fg=0 alpha=255 mask=-1 flags=0x220000 id=-1
E/qdoverlay(  261): src msmfb_img w=736 h=1280 format=13 MDP_RGBA_8888
E/qdoverlay(  261): src_rect mdp_rect x=0 y=0 w=720 h=1280
E/qdoverlay(  261): dst_rect mdp_rect x=0 y=0 w=720 h=1280
D/Atlas   (  767): Loaded configuration: SliceShortAxis (1344x1408) flags=0x2 count=410
I/SystemServiceManager(  767): Starting com.android.server.restrictions.RestrictionsManagerService
I/SystemServiceManager(  767): Starting com.android.server.media.MediaSessionService
I/SystemServer(  767): Media Router Service
I/SystemServiceManager(  767): Starting com.android.server.trust.TrustManagerService
I/SystemServiceManager(  767): Starting com.android.server.fingerprint.FingerprintService
E/qdoverlay(  261): Bad ov dump:  mdp_overlay z=0 fg=0 alpha=255 mask=-1 flags=0x220000 id=-1
E/qdoverlay(  261): src msmfb_img w=736 h=1280 format=13 MDP_RGBA_8888
E/qdoverlay(  261): src_rect mdp_rect x=0 y=0 w=720 h=1280
E/qdoverlay(  261): dst_rect mdp_rect x=0 y=0 w=720 h=1280
V/Fingerprint-JNI(  767): nativeInit()
V/Fingerprint-JNI(  767): nativeOpenHal()
E/Fingerprint-JNI(  767): Can't open fingerprint HW Module, error: -2
I/SystemServer(  767): BackgroundDexOptService
I/SystemServiceManager(  767): Starting com.android.server.pm.LauncherAppsService
D/SystemServer(  767): Wipower not supported
I/SystemServer(  767): EdgeGesture service
I/SystemServiceManager(  767): Starting com.android.server.media.projection.MediaProjectionManagerService
E/qdoverlay(  261): Bad ov dump:  mdp_overlay z=0 fg=0 alpha=255 mask=-1 flags=0x220000 id=-1
E/qdoverlay(  261): src msmfb_img w=736 h=1280 format=13 MDP_RGBA_8888
E/qdoverlay(  261): src_rect mdp_rect x=0 y=0 w=720 h=1280
E/qdoverlay(  261): dst_rect mdp_rect x=0 y=0 w=720 h=1280
I/WindowManager(  767): SAFE MODE not enabled
I/SystemServiceManager(  767): Starting com.android.server.MmsServiceBroker
E/SQLiteLog(  767): (283) recovered 16 frames from WAL file /data/system/locksettings.db-wal
E/qdoverlay(  261): Bad ov dump:  mdp_overlay z=0 fg=0 alpha=255 mask=-1 flags=0x220000 id=-1
E/qdoverlay(  261): src msmfb_img w=736 h=1280 format=13 MDP_RGBA_8888
E/qdoverlay(  261): src_rect mdp_rect x=0 y=0 w=720 h=1280
E/qdoverlay(  261): dst_rect mdp_rect x=0 y=0 w=720 h=1280
I/Adreno-EGL(  767): <qeglDrvAPI_eglInitialize:410>: EGL 1.4 QUALCOMM build: RGURRAM_AU_LINUX_ANDROID_LNX.LA.3.5.1_RB1.04.04.02.048.056+PATCH[ES]_msm8226_LNX.LA.3.5.1_RB1__release_ENGG ()
I/Adreno-EGL(  767): OpenGL ES Shader Compiler Version: E031.24.00.15
I/Adreno-EGL(  767): Build Date: 05/27/14 Tue
I/Adreno-EGL(  767): Local Branch: 
I/Adreno-EGL(  767): Remote Branch: quic/LNX.LA.3.5.1_RB1.2
I/Adreno-EGL(  767): Local Patches: f0931b5dfb60c536e5444f9053822ad191929528 ES2.0: Fix for seg fault in VBO validation
I/Adreno-EGL(  767):                  0c6f7c995c347b2eb54a9baa340cab69ba279634 es20: Remove extra-logging info
I/Adreno-EGL(  767): Reconstruct Branch: AU_LINUX_ANDROID_LNX.LA.3.5.1_RB1.04.04
I/SystemServiceManager(  767): Starting phase 480
E/qdoverlay(  261): Bad ov dump:  mdp_overlay z=0 fg=0 alpha=255 mask=-1 flags=0x220000 id=-1
E/qdoverlay(  261): src msmfb_img w=736 h=1280 format=13 MDP_RGBA_8888
E/qdoverlay(  261): src_rect mdp_rect x=0 y=0 w=720 h=1280
E/qdoverlay(  261): dst_rect mdp_rect x=0 y=0 w=720 h=1280
I/SystemServiceManager(  767): Starting phase 500
I/WifiService(  767): WifiService starting up with Wi-Fi disabled
D/Atlas   (  767): Rendered atlas in 96.01ms (49.79+46.22ms)
I/WifiScanningService(  767): Registering wifiscanner
E/qdoverlay(  261): Bad ov dump:  mdp_overlay z=0 fg=0 alpha=255 mask=-1 flags=0x220000 id=-1
E/qdoverlay(  261): src msmfb_img w=736 h=1280 format=13 MDP_RGBA_8888
E/qdoverlay(  261): src_rect mdp_rect x=0 y=0 w=720 h=1280
E/qdoverlay(  261): dst_rect mdp_rect x=0 y=0 w=720 h=1280
D/WifiScanningService(  767): New client, channel: null messenger: null
I/RttService(  767): Registering rttmanager
D/WifiChangeStateMachine(  767): Entering IdleState
D/WifiScanningService(  767): DefaultState
E/qdoverlay(  261): Bad ov dump:  mdp_overlay z=0 fg=0 alpha=255 mask=-1 flags=0x220000 id=-1
E/qdoverlay(  261): src msmfb_img w=736 h=1280 format=13 MDP_RGBA_8888
E/qdoverlay(  261): src_rect mdp_rect x=0 y=0 w=720 h=1280
E/qdoverlay(  261): dst_rect mdp_rect x=0 y=0 w=720 h=1280
I/ActivityManager(  767): Config changes=200 {1.0 ?mcc?mnc en_US ldltr sw360dp w360dp h615dp 320dpi nrml long port finger -keyb/v/h -nav/h s.5}
E/qdoverlay(  261): Bad ov dump:  mdp_overlay z=0 fg=0 alpha=255 mask=-1 flags=0x220000 id=-1
E/qdoverlay(  261): src msmfb_img w=736 h=1280 format=13 MDP_RGBA_8888
E/qdoverlay(  261): src_rect mdp_rect x=0 y=0 w=720 h=1280
E/qdoverlay(  261): dst_rect mdp_rect x=0 y=0 w=720 h=1280
E/lights  (  767): write_int failed to open /sys/class/leds/button-backlight/brightness
I/DisplayManagerService(  767): Display device changed: DisplayDeviceInfo{"Built-in Screen": 720 x 1280, 60.0 fps, supportedRefreshRates [60.0], density 320, 294.967 x 295.563 dpi, appVsyncOff 0, presDeadline 17666667, touch INTERNAL, rotation 0, type BUILT_IN, state ON, FLAG_DEFAULT_DISPLAY, FLAG_ROTATES_WITH_CONTENT, FLAG_SECURE, FLAG_SUPPORTS_PROTECTED_BUFFERS}
D/SurfaceFlinger(  261): Set power mode=2, type=0 flinger=0xb6a62000
D/SurfaceFlinger(  261): Screen type=0 is already mode=2
I/AppOps  (  767): Pruning old package media/1013: new uid=-1
I/ActivityManager(  767): System now ready
I/SystemServer(  767): Making services ready
I/SystemServiceManager(  767): Starting phase 550
E/qdoverlay(  261): Bad ov dump:  mdp_overlay z=0 fg=0 alpha=255 mask=-1 flags=0x220000 id=-1
E/qdoverlay(  261): src msmfb_img w=736 h=1280 format=13 MDP_RGBA_8888
E/qdoverlay(  261): src_rect mdp_rect x=0 y=0 w=720 h=1280
E/qdoverlay(  261): dst_rect mdp_rect x=0 y=0 w=720 h=1280
I/SystemServer(  767): WebViewFactory preparation
E/qdoverlay(  261): Bad ov dump:  mdp_overlay z=0 fg=0 alpha=255 mask=-1 flags=0x220000 id=-1
E/qdoverlay(  261): src msmfb_img w=736 h=1280 format=13 MDP_RGBA_8888
