--------- beginning of main
I/rfs_access(  263): Initialized RFS server
W/auditd  (  256): type=2000 audit(0.0:1): initialized
I/auditd  (  256): type=1403 audit(0.0:2): policy loaded auid=4294967295 ses=4294967295
W/ueventd (  207): type=1400 audit(0.0:3): avc: denied { search } for name="/" dev="mmcblk0p1" ino=2 scontext=u:r:ueventd:s0 tcontext=u:object_r:unlabeled:s0 tclass=dir
W/ueventd (  207): type=1400 audit(0.0:4): avc: denied { read } for name="adsp.mdt" dev="mmcblk0p1" ino=26 scontext=u:r:ueventd:s0 tcontext=u:object_r:unlabeled:s0 tclass=file
W/ueventd (  207): type=1400 audit(0.0:5): avc: denied { open } for name="adsp.mdt" dev="mmcblk0p1" ino=26 scontext=u:r:ueventd:s0 tcontext=u:object_r:unlabeled:s0 tclass=file
W/ueventd (  207): type=1400 audit(0.0:6): avc: denied { getattr } for path="/firmware/image/adsp.mdt" dev="mmcblk0p1" ino=26 scontext=u:r:ueventd:s0 tcontext=u:object_r:unlabeled:s0 tclass=file
W/chown   (  226): type=1400 audit(0.0:7): avc: denied { setattr } for name="mmcblk0p19" dev="tmpfs" ino=8400 scontext=u:r:init:s0 tcontext=u:object_r:block_device:s0 tclass=blk_file
E/QC-time-services(  333): Daemon:genoff_boot_tod_init: Unable to set TOD at boot up
E/QC-time-services(  333): Daemon: Unable to set TOD at boot up
D/QC-time-services(  333): Daemon:genoff_modem_qmi_init: Initiallizing QMI 
--------- beginning of system
D/DirectVolume(  260): DirectVolume::handlePartitionAdded -> MAJOR 179, MINOR 65, PARTN 1
D/Vold    (  260): Volume sdcard1 state changing 2 (Pending) -> 1 (Idle-Unmounted)
D/libEGL  (  261): loaded /vendor/lib/egl/libEGL_adreno.so
E/ThermalEngine(  321): No thermal zone device found in the kernel for sensor pa_therm1
E/ThermalEngine(  321): add_tgt_sensors_set: Error adding pa_therm1
E/ThermalEngine(  321): sensors_init: Error adding TSENS TS
E/ThermalEngine(  321): No thermal zone device found in the kernel for sensor pa_therm1
E/ThermalEngine(  321): add_tgt_sensors_set: Error adding pa_therm1
E/ThermalEngine(  321): sensors_init: Error adding TSENS TS
D/libEGL  (  261): loaded /vendor/lib/egl/libGLESv1_CM_adreno.so
I/ThermalEngine(  321): BCL sensors setup done.
E/ThermalEngine(  321): No hwmon device found in the kernel for sensor tmp108
E/ThermalEngine(  321): add_tgt_sensors_set: Error adding tmp108
E/ThermalEngine(  321): sensors_init: Error adding HWMON TS
I/ThermalEngine(  321): Using device config file '/system/etc/thermal-engine-titan.conf'
I/ThermalEngine(  321): Loading config file for virtual sensor
E/ThermalEngine(  321): Ignoring unknown field 'algo_type'
E/ThermalEngine(  321): Ignoring unknown field 'algo_type'
E/ThermalEngine(  321): Ignoring unknown field 'algo_type'
E/ThermalEngine(  321): virtual_sensors_init: Error getting virtual sensors set
E/ThermalEngine(  321): Ignoring unknown field 'algo_type'
E/ThermalEngine(  321): Ignoring unknown field 'algo_type'
E/ThermalEngine(  321): Ignoring unknown field 'algo_type'
I/ThermalEngine(  321): [CPU2-3_MONITOR]
I/ThermalEngine(  321): algo_type monitor
I/ThermalEngine(  321): sampling 1000
I/ThermalEngine(  321): sensor cpu2-3
I/ThermalEngine(  321): thresholds 120000
I/ThermalEngine(  321): thresholds_clr 115000
I/ThermalEngine(  321): actions shutdown
I/ThermalEngine(  321): action_info 5000
I/ThermalEngine(  321): [CPU0-1_MONITOR]
I/ThermalEngine(  321): algo_type monitor
I/ThermalEngine(  321): sampling 1000
I/ThermalEngine(  321): sensor cpu0-1
I/ThermalEngine(  321): thresholds 120000
I/ThermalEngine(  321): thresholds_clr 115000
I/ThermalEngine(  321): actions shutdown
I/ThermalEngine(  321): action_info 5000
I/ThermalEngine(  321): [VDD_RSTR_MONITOR-TSENS5]
I/ThermalEngine(  321): #algo_type monitor
I/ThermalEngine(  321): sampling 1000
I/ThermalEngine(  321): sensor tsens_tz_sensor5
I/ThermalEngine(  321): thresholds 5000
I/ThermalEngine(  321): thresholds_clr 10000
I/ThermalEngine(  321): actions vdd_restriction
I/ThermalEngine(  321): action_info 1
I/ThermalEngine(  321): descending
I/ThermalEngine(  321): [VDD_RSTR_MONITOR-TSENS4]
I/ThermalEngine(  321): #algo_type monitor
I/ThermalEngine(  321): sampling 1000
I/ThermalEngine(  321): sensor tsens_tz_sensor4
I/ThermalEngine(  321): thresholds 5000
I/ThermalEngine(  321): thresholds_clr 10000
I/ThermalEngine(  321): actions vdd_restriction
I/ThermalEngine(  321): action_info 1
I/ThermalEngine(  321): descending
I/ThermalEngine(  321): [VDD_RSTR_MONITOR-TSENS3]
I/ThermalEngine(  321): #algo_type monitor
I/ThermalEngine(  321): sampling 1000
I/ThermalEngine(  321): sensor tsens_tz_sensor3
I/ThermalEngine(  321): thresholds 5000
I/ThermalEngine(  321): thresholds_clr 10000
I/ThermalEngine(  321): actions vdd_restriction
I/ThermalEngine(  321): action_info 1
I/ThermalEngine(  321): descending
I/ThermalEngine(  321): [VDD_RSTR_MONITOR-TSENS2]
I/ThermalEngine(  321): #algo_type monitor
I/ThermalEngine(  321): sampling 1000
I/ThermalEngine(  321): sensor tsens_tz_sensor2
I/ThermalEngine(  321): thresholds 5000
I/ThermalEngine(  321): thresholds_clr 10000
I/ThermalEngine(  321): actions vdd_restriction
I/ThermalEngine(  321): action_info 1
I/ThermalEngine(  321): descending
I/ThermalEngine(  321): [VDD_RSTR_MONITOR-TSENS1]
I/ThermalEngine(  321): #algo_type monitor
I/ThermalEngine(  321): sampling 1000
I/ThermalEngine(  321): sensor tsens_tz_sensor1
I/ThermalEngine(  321): thresholds 5000
I/ThermalEngine(  321): thresholds_clr 10000
I/ThermalEngine(  321): actions vdd_restriction
I/ThermalEngine(  321): action_info 1
I/ThermalEngine(  321): descending
I/ThermalEngine(  321): [VDD_RSTR_MONITOR-TSENS0]
I/ThermalEngine(  321): #algo_type monitor
I/ThermalEngine(  321): sampling 1000
I/ThermalEngine(  321): sensor tsens_tz_sensor0
I/ThermalEngine(  321): thresholds 5000
I/ThermalEngine(  321): thresholds_clr 10000
I/ThermalEngine(  321): actions vdd_restriction
I/ThermalEngine(  321): action_info 1
I/ThermalEngine(  321): descending
I/ThermalEngine(  321): [SS-XO]
I/ThermalEngine(  321): Sensor:tsens_tz_sensor2:49000 mC
I/ThermalEngine(  321): algo_type ss
I/ThermalEngine(  321): sampling 5000
I/ThermalEngine(  321): sensor xo
I/ThermalEngine(  321): device cpu
I/ThermalEngine(  321): set_point 55000
I/ThermalEngine(  321): set_point_clr 50000
I/ThermalEngine(  321): time_constant 0
I/ThermalEngine(  321): mitigation limit 4
I/ThermalEngine(  321): Sensor:tsens_tz_sensor2:49000 mC
I/ThermalEngine(  321): Sensor:tsens_tz_sensor5:49000 mC
I/ThermalEngine(  321): [SS-CPU2-3]
I/ThermalEngine(  321): #algo_type ss
I/ThermalEngine(  321): sampling 250
I/ThermalEngine(  321): sensor cpu2-3
I/ThermalEngine(  321): device cpu
I/ThermalEngine(  321): set_point 80000
I/ThermalEngine(  321): set_point_clr 55000
I/ThermalEngine(  321): time_constant 0
I/ThermalEngine(  321): mitigation limit 0
I/ThermalEngine(  321): [SS-CPU0-1]
I/ThermalEngine(  321): #algo_type ss
I/ThermalEngine(  321): sampling 250
I/ThermalEngine(  321): sensor cpu0-1
I/ThermalEngine(  321): device cpu
I/ThermalEngine(  321): set_point 80000
I/ThermalEngine(  321): set_point_clr 55000
I/ThermalEngine(  321): time_constant 0
I/ThermalEngine(  321): mitigation limit 0
I/ThermalEngine(  321): Sensor:tsens_tz_sensor5:49000 mC
I/ThermalEngine(  321): Sensor:tsens_tz_sensor5:49000 mC
I/ThermalEngine(  321): Sensor:tsens_tz_sensor4:43000 mC
I/ThermalEngine(  321): Sensor:tsens_tz_sensor3:41000 mC
I/ThermalEngine(  321): Sensor:tsens_tz_sensor4:43000 mC
I/ThermalEngine(  321): Sensor:tsens_tz_sensor3:41000 mC
I/ThermalEngine(  321): Sensor:tsens_tz_sensor2:49000 mC
I/ThermalEngine(  321): Sensor:xo_therm_pu2:36000 mC
I/ThermalEngine(  321): Sensor:tsens_tz_sensor2:49000 mC
I/ThermalEngine(  321): Sensor:tsens_tz_sensor5:49000 mC
I/ThermalEngine(  321): Sensor:tsens_tz_sensor1:43000 mC
I/ThermalEngine(  321): Sensor:tsens_tz_sensor1:43000 mC
I/ThermalEngine(  321): Sensor:tsens_tz_sensor0:46000 mC
I/ThermalEngine(  321): Sensor:tsens_tz_sensor0:46000 mC
I/ThermalEngine(  321): vdd_restrict_qmi_request: MODEM req level(0) is recorded and waiting for completing QMI registration
I/ThermalEngine(  321): vdd_restrict_qmi_request: ADSP req level(0) is recorded and waiting for completing QMI registration
I/ThermalEngine(  321): hotplug_ktm_disable_cb: write out 0
D/libEGL  (  261): loaded /vendor/lib/egl/libGLESv2_adreno.so
I/Adreno-EGL(  261): <qeglDrvAPI_eglInitialize:410>: EGL 1.4 QUALCOMM build: RGURRAM_AU_LINUX_ANDROID_LNX.LA.3.5.1_RB1.04.04.02.048.056+PATCH[ES]_msm8226_LNX.LA.3.5.1_RB1__release_ENGG ()
I/Adreno-EGL(  261): OpenGL ES Shader Compiler Version: E031.24.00.15
I/Adreno-EGL(  261): Build Date: 05/27/14 Tue
I/Adreno-EGL(  261): Local Branch: 
I/Adreno-EGL(  261): Remote Branch: quic/LNX.LA.3.5.1_RB1.2
I/Adreno-EGL(  261): Local Patches: f0931b5dfb60c536e5444f9053822ad191929528 ES2.0: Fix for seg fault in VBO validation
I/Adreno-EGL(  261):                  0c6f7c995c347b2eb54a9baa340cab69ba279634 es20: Remove extra-logging info
I/Adreno-EGL(  261): Reconstruct Branch: AU_LINUX_ANDROID_LNX.LA.3.5.1_RB1.04.04
D/QSEECOMAPI: (  334): Loaded image: APP id = 2
E/QSEECOMD: (  511): Listener: index = 0, hierarchy = 1
D/QSEECOMAPI: (  511): QSEECom_register_listener 8192 sb_length = 0x5000
E/QSEECOMD: (  511): Listener: index = 1, hierarchy = 1
D/QSEECOMAPI: (  511): QSEECom_register_listener 12288 sb_length = 0x5000
E/QSEECOMD: (  511): Listener: index = 2, hierarchy = 1
E/QSEECOMD: (  511): Init dlopen(libsecureui.so, RLTD_NOW) is failed....
E/QSEECOMD: (  511): Listener: index = 3, hierarchy = 1
D/QSEECOMAPI: (  511): QSEECom_register_listener 11 sb_length = 0x5000
E/QSEECOMD: (  511): Listener: index = 4, hierarchy = 1
D/QSEECOMAPI: (  511): QSEECom_register_listener 10 sb_length = 0x5000
E/qdutils (  261): Failed to open msm_fb_panel_info node
D/qdhwcomposer(  261): int qhwc::adRead(): /sys/class/graphics/fb-1/ad could not be opened : No such file or directory
I/qdhwcomposer(  261): Initializing Qualcomm Hardware Composer
I/qdhwcomposer(  261): MDP version: 500
I/SurfaceFlinger(  261): Using composer version 1.4
I/qdhwcomposer(  261): hwc_registerProcs
I/qdhwcomposer(  261): Initializing UEVENT Thread
I/qdhwcomposer(  261): Initializing VSYNC Thread
D/qdhwcomposer(  261): hwc_getDisplayAttributes disp = 0, width = 720
D/qdhwcomposer(  261): hwc_getDisplayAttributes disp = 0, height = 1280
I/qdhwcomposer(  261): vsync_loop: Reading event 0 for dpy 0 from /sys/class/graphics/fb0/vsync_event
I/qdhwcomposer(  261): vsync_loop: Reading event 1 for dpy 0 from /sys/class/graphics/fb0/show_blank_event
I/qdhwcomposer(  261): vsync_loop: Reading event 0 for dpy 1 from /sys/class/graphics/fb-1/vsync_event
I/qdhwcomposer(  261): vsync_loop: Reading event 1 for dpy 1 from /sys/class/graphics/fb-1/show_blank_event
I/SurfaceFlinger(  261): EGL information:
I/SurfaceFlinger(  261): vendor    : Android
I/SurfaceFlinger(  261): version   : 1.4 Android META-EGL
I/SurfaceFlinger(  261): extensions: EGL_KHR_get_all_proc_addresses EGL_ANDROID_presentation_time EGL_KHR_image EGL_KHR_image_base EGL_KHR_lock_surface EGL_KHR_gl_texture_2D_image EGL_KHR_gl_texture_cubemap_image EGL_KHR_gl_renderbuffer_image EGL_KHR_fence_sync EGL_KHR_create_context EGL_EXT_create_context_robustness EGL_ANDROID_image_native_buffer EGL_KHR_wait_sync EGL_ANDROID_recordable 
I/SurfaceFlinger(  261): Client API: OpenGL_ES
I/SurfaceFlinger(  261): EGLSurface: 8-8-8-8, config=0x5
I/SurfaceFlinger(  261): OpenGL ES informations:
I/SurfaceFlinger(  261): vendor    : Qualcomm
I/SurfaceFlinger(  261): renderer  : Adreno (TM) 305
I/SurfaceFlinger(  261): version   : OpenGL ES 3.0 V@66.0 AU@04.04.02.048.056 RGURRAM_AU_LINUX_ANDROID_LNX.LA.3.5.1_RB1.04.04.02.048.056+PATCH[ES]_msm8226_LNX.LA.3.5.1_RB1__release_ENGG (CL@)
I/SurfaceFlinger(  261): extensions: GL_AMD_compressed_ATC_texture GL_AMD_performance_monitor GL_AMD_program_binary_Z400 GL_EXT_debug_label GL_EXT_debug_marker GL_EXT_discard_framebuffer GL_EXT_robustness GL_EXT_texture_format_BGRA8888 GL_EXT_texture_type_2_10_10_10_REV GL_NV_fence GL_OES_compressed_ETC1_RGB8_texture GL_OES_depth_texture GL_OES_depth24 GL_OES_EGL_image GL_OES_EGL_image_external GL_OES_element_index_uint GL_OES_fbo_render_mipmap GL_OES_fragment_precision_high GL_OES_get_program_binary GL_OES_packed_depth_stencil GL_OES_depth_texture_cube_map GL_OES_rgb8_rgba8 GL_OES_standard_derivatives GL_OES_texture_3D GL_OES_texture_float GL_OES_texture_half_float GL_OES_texture_half_float_linear GL_OES_texture_npot GL_OES_vertex_half_float GL_OES_vertex_type_10_10_10_2 GL_OES_vertex_array_object GL_QCOM_alpha_test GL_QCOM_binning_control GL_QCOM_driver_control GL_QCOM_perfmon_global_mode GL_QCOM_extended_get GL_QCOM_extended_get2 GL_QCOM_tiled_rendering GL_QCOM_writeonly_rendering GL_EXT_sRGB GL_EXT_sRGB_write_control GL_EXT_text
I/SurfaceFlinger(  261): GL_MAX_TEXTURE_SIZE = 4096
I/SurfaceFlinger(  261): GL_MAX_VIEWPORT_DIMS = 4096
I/SurfaceFlinger(  261): EGL information:
I/SurfaceFlinger(  261): vendor    : Android
I/SurfaceFlinger(  261): version   : 1.4 Android META-EGL
I/SurfaceFlinger(  261): extensions: EGL_KHR_get_all_proc_addresses EGL_ANDROID_presentation_time EGL_KHR_image EGL_KHR_image_base EGL_KHR_lock_surface EGL_KHR_gl_texture_2D_image EGL_KHR_gl_texture_cubemap_image EGL_KHR_gl_renderbuffer_image EGL_KHR_fence_sync EGL_KHR_create_context EGL_EXT_create_context_robustness EGL_ANDROID_image_native_buffer EGL_KHR_wait_sync EGL_ANDROID_recordable 
I/SurfaceFlinger(  261): Client API: OpenGL_ES
I/SurfaceFlinger(  261): EGLSurface: 8-8-8-8, config=0x5
D/SurfaceFlinger(  261): Set power mode=2, type=0 flinger=0xb6a62000
D/qdhwcomposer(  261): hwc_setPowerMode: Setting mode 2 on display: 0
D/qdhwcomposer(  261): hwc_setPowerMode: Done setting mode 2 on display 0
I/qdhwcomposer(  261): handle_blank_event: dpy:0 panel power state: 1
D/AndroidRuntime(  325): 
D/AndroidRuntime(  325): >>>>>> AndroidRuntime START com.android.internal.os.ZygoteInit <<<<<<
I/mediaserver(  308): ServiceManager: 0xb60500c0
I/AudioFlinger(  308): Using default 3000 mSec as standby time.
I/ServiceManager(  308): Waiting for service batterystats...
D/AndroidRuntime(  325): CheckJNI is OFF
I/art     (  325): option[0]=-Xzygote
I/art     (  325): option[1]=-Xstacktracefile:/data/anr/traces.txt
I/art     (  325): option[2]=exit
I/art     (  325): option[3]=vfprintf
I/art     (  325): option[4]=sensitiveThread
I/art     (  325): option[5]=-verbose:gc
I/art     (  325): option[6]=-Xms8m
I/art     (  325): option[7]=-Xmx256m
I/art     (  325): option[8]=-XX:mainThreadStackSize=24K
I/art     (  325): option[9]=-XX:HeapGrowthLimit=96m
I/art     (  325): option[10]=-XX:HeapMinFree=2m
I/art     (  325): option[11]=-XX:HeapMaxFree=8m
I/art     (  325): option[12]=-XX:HeapTargetUtilization=0.75
I/art     (  325): option[13]=-agentlib:jdwp=transport=dt_android_adb,suspend=n,server=y
I/art     (  325): option[14]=-Xlockprofthreshold:500
I/art     (  325): option[15]=-Ximage-compiler-option
I/art     (  325): option[16]=--runtime-arg
I/art     (  325): option[17]=-Ximage-compiler-option
I/art     (  325): option[18]=-Xms64m
I/art     (  325): option[19]=-Ximage-compiler-option
I/art     (  325): option[20]=--runtime-arg
I/art     (  325): option[21]=-Ximage-compiler-option
I/art     (  325): option[22]=-Xmx64m
I/art     (  325): option[23]=-Ximage-compiler-option
I/art     (  325): option[24]=--image-classes-zip=/system/framework/framework.jar
I/art     (  325): option[25]=-Ximage-compiler-option
I/art     (  325): option[26]=--image-classes=preloaded-classes
I/art     (  325): option[27]=-Xcompiler-option
I/art     (  325): option[28]=--runtime-arg
I/art     (  325): option[29]=-Xcompiler-option
I/art     (  325): option[30]=-Xms64m
I/art     (  325): option[31]=-Xcompiler-option
I/art     (  325): option[32]=--runtime-arg
I/art     (  325): option[33]=-Xcompiler-option
I/art     (  325): option[34]=-Xmx512m
I/art     (  325): option[35]=-Duser.language=en
I/art     (  325): option[36]=-Duser.region=US
D/SurfaceFlinger(  261): shader cache generated - 24 shaders in 421.317993 ms
D/qdutils (  261): DEBUG_CALC_FPS: 0
D/qdutils (  261): period: 10
D/qdutils (  261): ignorethresh_us: 500000
D/libEGL  (  559): loaded /vendor/lib/egl/libEGL_adreno.so
D/libEGL  (  559): loaded /vendor/lib/egl/libGLESv1_CM_adreno.so
D/libEGL  (  559): loaded /vendor/lib/egl/libGLESv2_adreno.so
I/Adreno-EGL(  559): <qeglDrvAPI_eglInitialize:410>: EGL 1.4 QUALCOMM build: RGURRAM_AU_LINUX_ANDROID_LNX.LA.3.5.1_RB1.04.04.02.048.056+PATCH[ES]_msm8226_LNX.LA.3.5.1_RB1__release_ENGG ()
I/Adreno-EGL(  559): OpenGL ES Shader Compiler Version: E031.24.00.15
I/Adreno-EGL(  559): Build Date: 05/27/14 Tue
I/Adreno-EGL(  559): Local Branch: 
I/Adreno-EGL(  559): Remote Branch: quic/LNX.LA.3.5.1_RB1.2
I/Adreno-EGL(  559): Local Patches: f0931b5dfb60c536e5444f9053822ad191929528 ES2.0: Fix for seg fault in VBO validation
I/Adreno-EGL(  559):                  0c6f7c995c347b2eb54a9baa340cab69ba279634 es20: Remove extra-logging info
I/Adreno-EGL(  559): Reconstruct Branch: AU_LINUX_ANDROID_LNX.LA.3.5.1_RB1.04.04
E/BootAnimation(  559): couldn't find audio_conf.txt
E/Diag_Lib(  321): Setting internal use port to rmnet0
E/Diag_Lib(  333): Setting internal use port to rmnet0
E/Diag_Lib(  321):  Diag_LSM_Init: Failed to open handle to diag driver, error = 2
E/Diag_Lib(  333):  Diag_LSM_Init: Failed to open handle to diag driver, error = 2
E/Diag_Lib(  321): Failed on DIAG init
E/Diag_Lib(  333): Failed on DIAG init
E/Diag_Lib(  333): linux_qmi_qmux_if_client_get_proc_name: pid=333, proc_name=time_daemon
E/Diag_Lib(  321): linux_qmi_qmux_if_client_get_proc_name: pid=321, proc_name=thermal-engine
E/Diag_Lib(  333): linux_qmi_qmux_if_client_get_socket_paths: num_grps=1
E/Diag_Lib(  321): linux_qmi_qmux_if_client_get_socket_paths: num_grps=1
E/Diag_Lib(  333): linux_qmi_qmux_if_client_get_proc_group_name: gid=3004, grp_name=net_raw
E/Diag_Lib(  321): linux_qmi_qmux_if_client_get_proc_group_name: gid=0, grp_name=root
E/Diag_Lib(  333): using socket paths bind=/dev/socket/qmux_radio/qmux_client_socket, connect=/dev/socket/qmux_radio/qmux_connect_socket
E/Diag_Lib(  321): using socket paths bind=/dev/socket/qmux_radio/qmux_client_socket, connect=/dev/socket/qmux_radio/qmux_connect_socket
E/Diag_Lib(  333): qmi_client [333]: unable to bind to client socket, rc = -1 errno[13:Permission denied]
E/Diag_Lib(  333): qmi_qmux_if_pwr_up_init_ex:  Initialization failed, rc = -1
E/QMI_FW  (  333): QMUXD: WARNING qmi_qmux_if_pwr_up_init failed! rc=-1
E/Diag_Lib(  333): Setting internal use port to rmnet0
E/Diag_Lib(  321): qmi_client [321]: unable to connect to server, errno=[2:No such file or directory], attempt=1
E/Diag_Lib(  333): linux_qmi_qmux_if_client_get_proc_name: pid=333, proc_name=time_daemon
E/Diag_Lib(  333): linux_qmi_qmux_if_client_get_socket_paths: num_grps=1
E/Diag_Lib(  333): linux_qmi_qmux_if_client_get_proc_group_name: gid=3004, grp_name=net_raw
E/Diag_Lib(  333): using socket paths bind=/dev/socket/qmux_radio/qmux_client_socket, connect=/dev/socket/qmux_radio/qmux_connect_socket
E/Diag_Lib(  333): qmi_client [333]: unable to bind to client socket, rc = -1 errno[13:Permission denied]
E/Diag_Lib(  333): qmi_qmux_if_pwr_up_init_ex:  Initialization failed, rc = -1
E/QMI_FW  (  333): QMUXD: WARNING qmi_qmux_if_pwr_up_init failed! rc=-1
E/Diag_Lib(  333): Setting internal use port to rmnet0
E/Diag_Lib(  333): linux_qmi_qmux_if_client_get_proc_name: pid=333, proc_name=time_daemon
E/Diag_Lib(  333): linux_qmi_qmux_if_client_get_socket_paths: num_grps=1
E/Diag_Lib(  333): linux_qmi_qmux_if_client_get_proc_group_name: gid=3004, grp_name=net_raw
E/Diag_Lib(  333): using socket paths bind=/dev/socket/qmux_radio/qmux_client_socket, connect=/dev/socket/qmux_radio/qmux_connect_socket
E/Diag_Lib(  333): qmi_client [333]: unable to bind to client socket, rc = -1 errno[13:Permission denied]
E/Diag_Lib(  333): qmi_qmux_if_pwr_up_init_ex:  Initialization failed, rc = -1
E/QMI_FW  (  333): QMUXD: WARNING qmi_qmux_if_pwr_up_init failed! rc=-1
E/Diag_Lib(  333): Setting internal use port to rmnet0
E/Diag_Lib(  333): linux_qmi_qmux_if_client_get_proc_name: pid=333, proc_name=time_daemon
E/Diag_Lib(  333): linux_qmi_qmux_if_client_get_socket_paths: num_grps=1
E/Diag_Lib(  333): linux_qmi_qmux_if_client_get_proc_group_name: gid=3004, grp_name=net_raw
E/Diag_Lib(  333): using socket paths bind=/dev/socket/qmux_radio/qmux_client_socket, connect=/dev/socket/qmux_radio/qmux_connect_socket
E/Diag_Lib(  333): qmi_client [333]: unable to bind to client socket, rc = -1 errno[13:Permission denied]
E/Diag_Lib(  333): qmi_qmux_if_pwr_up_init_ex:  Initialization failed, rc = -1
E/QMI_FW  (  333): QMUXD: WARNING qmi_qmux_if_pwr_up_init failed! rc=-1
E/Diag_Lib(  333): Setting internal use port to rmnet0
E/Diag_Lib(  333): linux_qmi_qmux_if_client_get_proc_name: pid=333, proc_name=time_daemon
E/Diag_Lib(  333): linux_qmi_qmux_if_client_get_socket_paths: num_grps=1
E/Diag_Lib(  333): linux_qmi_qmux_if_client_get_proc_group_name: gid=3004, grp_name=net_raw
E/Diag_Lib(  333): using socket paths bind=/dev/socket/qmux_radio/qmux_client_socket, connect=/dev/socket/qmux_radio/qmux_connect_socket
E/Diag_Lib(  333): qmi_client [333]: unable to bind to client socket, rc = -1 errno[13:Permission denied]
E/Diag_Lib(  333): qmi_qmux_if_pwr_up_init_ex:  Initialization failed, rc = -1
E/QMI_FW  (  333): QMUXD: WARNING qmi_qmux_if_pwr_up_init failed! rc=-1
E/Diag_Lib(  333): Setting internal use port to rmnet0
E/Diag_Lib(  333): linux_qmi_qmux_if_client_get_proc_name: pid=333, proc_name=time_daemon
E/Diag_Lib(  333): linux_qmi_qmux_if_client_get_socket_paths: num_grps=1
E/Diag_Lib(  333): linux_qmi_qmux_if_client_get_proc_group_name: gid=3004, grp_name=net_raw
E/Diag_Lib(  333): using socket paths bind=/dev/socket/qmux_radio/qmux_client_socket, connect=/dev/socket/qmux_radio/qmux_connect_socket
E/Diag_Lib(  333): qmi_client [333]: unable to bind to client socket, rc = -1 errno[13:Permission denied]
E/Diag_Lib(  333): qmi_qmux_if_pwr_up_init_ex:  Initialization failed, rc = -1
E/QMI_FW  (  333): QMUXD: WARNING qmi_qmux_if_pwr_up_init failed! rc=-1
E/QC-time-services(  333): Daemon:genoff_modem_qmi_init: qmi_client_get_service_list returned -2num_services 0
W/BootAnimation(  559): Audio service is not initiated.
E/qdoverlay(  261): Bad ov dump:  mdp_overlay z=0 fg=0 alpha=255 mask=-1 flags=0x220000 id=-1
E/qdoverlay(  261): src msmfb_img w=736 h=1280 format=13 MDP_RGBA_8888
E/qdoverlay(  261): src_rect mdp_rect x=0 y=0 w=720 h=1280
E/qdoverlay(  261): dst_rect mdp_rect x=0 y=0 w=720 h=1280
E/qdoverlay(  261): Bad ov dump:  mdp_overlay z=0 fg=0 alpha=255 mask=-1 flags=0x220000 id=-1
E/qdoverlay(  261): src msmfb_img w=736 h=1280 format=13 MDP_RGBA_8888
E/qdoverlay(  261): src_rect mdp_rect x=0 y=0 w=720 h=1280
E/qdoverlay(  261): dst_rect mdp_rect x=0 y=0 w=720 h=1280
I/rmt_storage(  301): rmt_storage_connect_cb: clnt_h=0x1 conn_h=0xb6c01070
I/rmt_storage(  301): rmt_storage_open_cb: /boot/modem_fs1: clnt_h=0x1: req_h=0x1 msg_id=1: Client found
I/rmt_storage(  301): rmt_storage_client_thread: /boot/modem_fs1: clnt_h=0x1 Worker thread started
I/rmt_storage(  301): rmt_storage_open_cb: /boot/modem_fs1: clnt_h=0x1: req_h=0x1 msg_id=1: Send response: res=0 err=0
I/rmt_storage(  301): wake lock name: rmt_storage_-1228406656, name creation success: 23
I/rmt_storage(  301): rmt_storage_connect_cb: clnt_h=0x2 conn_h=0xb6c01078
I/rmt_storage(  301): rmt_storage_open_cb: /boot/modem_fs2: clnt_h=0x2: req_h=0x2 msg_id=1: Client found
I/rmt_storage(  301): rmt_storage_client_thread: /boot/modem_fs2: clnt_h=0x2 Worker thread started
I/rmt_storage(  301): rmt_storage_open_cb: /boot/modem_fs2: clnt_h=0x2: req_h=0x2 msg_id=1: Send response: res=0 err=0
I/rmt_storage(  301): wake lock name: rmt_storage_-1228406016, name creation success: 23
I/rmt_storage(  301): rmt_storage_connect_cb: clnt_h=0x3 conn_h=0xb6c01080
I/rmt_storage(  301): rmt_storage_open_cb: found fsg req /boot/modem_fsg/titan_emea_dsds_5
I/rmt_storage(  301): rmt_storage_open_cb: found tail /titan_emea_dsds_5
I/rmt_storage(  301): rmt_storage_open_cb: /boot/modem_fsg: clnt_h=0x3: req_h=0x3 msg_id=1: Client found
I/rmt_storage(  301): rmt_storage_client_thread: /boot/modem_fsg: clnt_h=0x3 Worker thread started
I/rmt_storage(  301): rmt_storage_open_cb: /boot/modem_fsg: clnt_h=0x3: req_h=0x3 msg_id=1: Send response: res=0 err=0
I/rmt_storage(  301): wake lock name: rmt_storage_-1228405376, name creation success: 23
I/rmt_storage(  301): rmt_storage_connect_cb: clnt_h=0x4 conn_h=0xb6c01088
I/rmt_storage(  301): rmt_storage_open_cb: /boot/modem_fsc: clnt_h=0x4: req_h=0x4 msg_id=1: Client found
I/rmt_storage(  301): rmt_storage_client_thread: /boot/modem_fsc: clnt_h=0x4 Worker thread started
I/rmt_storage(  301): rmt_storage_open_cb: /boot/modem_fsc: clnt_h=0x4: req_h=0x4 msg_id=1: Send response: res=0 err=0
I/rmt_storage(  301): wake lock name: rmt_storage_-1228404736, name creation success: 23
I/rmt_storage(  301): rmt_storage_alloc_buff_cb: /boot/modem_fs1: clnt_h=0x1: req_h=0x5 msg_id=4: Alloc request received: Size: 1572864
I/rmt_storage(  301): rmt_storage_alloc_buff_cb: /boot/modem_fs1: clnt_h=0x1: req_h=0x5 msg_id=4: Send response: res=0 err=0
I/rmt_storage(  301): rmt_storage_rw_iovec_cb: /boot/modem_fs1: clnt_h=0x1: req_h=0x6 msg_id=3: R/W request received
I/rmt_storage(  301): Shared mem address set to 0xb6680000
I/rmt_storage(  301): wakelock acquired: 1, error no: 42
I/rmt_storage(  301): rmt_storage_client_thread: /boot/modem_fs1: clnt_h=0x1 Unblock worker thread (th_id: -1228406656)
I/rmt_storage(  301): rmt_storage_client_thread: /boot/modem_fs1: clnt_h=0x1: req_h=0x6 msg_id=3: Bytes read = 512
I/rmt_storage(  301): rmt_storage_client_thread: /boot/modem_fs1: clnt_h=0x1: req_h=0x6 msg_id=3: Send response: res=0 err=0
I/rmt_storage(  301): rmt_storage_client_thread: /boot/modem_fs1: clnt_h=0x1 About to block rmt_storage client thread (th_id: -1228406656) wakelock released: 1, error no: 22
I/rmt_storage(  301): 
I/rmt_storage(  301): rmt_storage_rw_iovec_cb: /boot/modem_fs2: clnt_h=0x2: req_h=0x7 msg_id=3: R/W request received
I/rmt_storage(  301): Shared mem address set to 0xb6680000
I/rmt_storage(  301): wakelock acquired: 1, error no: 42
I/rmt_storage(  301): rmt_storage_client_thread: /boot/modem_fs2: clnt_h=0x2 Unblock worker thread (th_id: -1228406016)
I/rmt_storage(  301): rmt_storage_client_thread: /boot/modem_fs2: clnt_h=0x2: req_h=0x7 msg_id=3: Bytes read = 512
I/rmt_storage(  301): rmt_storage_client_thread: /boot/modem_fs2: clnt_h=0x2: req_h=0x7 msg_id=3: Send response: res=0 err=0
I/rmt_storage(  301): rmt_storage_client_thread: /boot/modem_fs2: clnt_h=0x2 About to block rmt_storage client thread (th_id: -1228406016) wakelock released: 1, error no: 22
I/rmt_storage(  301): 
I/rmt_storage(  301): rmt_storage_rw_iovec_cb: /boot/modem_fs1: clnt_h=0x1: req_h=0x8 msg_id=3: R/W request received
I/rmt_storage(  301): wakelock acquired: 1, error no: 42
I/rmt_storage(  301): rmt_storage_client_thread: /boot/modem_fs1: clnt_h=0x1 Unblock worker thread (th_id: -1228406656)
E/qdoverlay(  261): Bad ov dump:  mdp_overlay z=0 fg=0 alpha=255 mask=-1 flags=0x220000 id=-1
E/qdoverlay(  261): src msmfb_img w=736 h=1280 format=13 MDP_RGBA_8888
E/qdoverlay(  261): src_rect mdp_rect x=0 y=0 w=720 h=1280
E/qdoverlay(  261): dst_rect mdp_rect x=0 y=0 w=720 h=1280
I/rmt_storage(  301): rmt_storage_client_thread: /boot/modem_fs1: clnt_h=0x1: req_h=0x8 msg_id=3: Bytes read = 1571840
I/rmt_storage(  301): rmt_storage_client_thread: /boot/modem_fs1: clnt_h=0x1: req_h=0x8 msg_id=3: Send response: res=0 err=0
I/rmt_storage(  301): rmt_storage_client_thread: /boot/modem_fs1: clnt_h=0x1 About to block rmt_storage client thread (th_id: -1228406656) wakelock released: 1, error no: 22
I/rmt_storage(  301): 
E/qdoverlay(  261): Bad ov dump:  mdp_overlay z=0 fg=0 alpha=255 mask=-1 flags=0x220000 id=-1
E/qdoverlay(  261): src msmfb_img w=736 h=1280 format=13 MDP_RGBA_8888
E/qdoverlay(  261): src_rect mdp_rect x=0 y=0 w=720 h=1280
E/qdoverlay(  261): dst_rect mdp_rect x=0 y=0 w=720 h=1280
E/qdoverlay(  261): Bad ov dump:  mdp_overlay z=0 fg=0 alpha=255 mask=-1 flags=0x220000 id=-1
E/qdoverlay(  261): src msmfb_img w=736 h=1280 format=13 MDP_RGBA_8888
E/qdoverlay(  261): src_rect mdp_rect x=0 y=0 w=720 h=1280
E/qdoverlay(  261): dst_rect mdp_rect x=0 y=0 w=720 h=1280
E/qdoverlay(  261): Bad ov dump:  mdp_overlay z=0 fg=0 alpha=255 mask=-1 flags=0x220000 id=-1
E/qdoverlay(  261): src msmfb_img w=736 h=1280 format=13 MDP_RGBA_8888
E/qdoverlay(  261): src_rect mdp_rect x=0 y=0 w=720 h=1280
E/qdoverlay(  261): dst_rect mdp_rect x=0 y=0 w=720 h=1280
E/qdoverlay(  261): Bad ov dump:  mdp_overlay z=0 fg=0 alpha=255 mask=-1 flags=0x220000 id=-1
E/qdoverlay(  261): src msmfb_img w=736 h=1280 format=13 MDP_RGBA_8888
E/qdoverlay(  261): src_rect mdp_rect x=0 y=0 w=720 h=1280
E/qdoverlay(  261): dst_rect mdp_rect x=0 y=0 w=720 h=1280
E/qdoverlay(  261): Bad ov dump:  mdp_overlay z=0 fg=0 alpha=255 mask=-1 flags=0x220000 id=-1
E/qdoverlay(  261): src msmfb_img w=736 h=1280 format=13 MDP_RGBA_8888
E/qdoverlay(  261): src_rect mdp_rect x=0 y=0 w=720 h=1280
E/qdoverlay(  261): dst_rect mdp_rect x=0 y=0 w=720 h=1280
E/qdoverlay(  261): Bad ov dump:  mdp_overlay z=0 fg=0 alpha=255 mask=-1 flags=0x220000 id=-1
E/qdoverlay(  261): src msmfb_img w=736 h=1280 format=13 MDP_RGBA_8888
E/qdoverlay(  261): src_rect mdp_rect x=0 y=0 w=720 h=1280
E/qdoverlay(  261): dst_rect mdp_rect x=0 y=0 w=720 h=1280
E/qdoverlay(  261): Bad ov dump:  mdp_overlay z=0 fg=0 alpha=255 mask=-1 flags=0x220000 id=-1
E/qdoverlay(  261): src msmfb_img w=736 h=1280 format=13 MDP_RGBA_8888
E/qdoverlay(  261): src_rect mdp_rect x=0 y=0 w=720 h=1280
E/qdoverlay(  261): dst_rect mdp_rect x=0 y=0 w=720 h=1280
E/qdoverlay(  261): Bad ov dump:  mdp_overlay z=0 fg=0 alpha=255 mask=-1 flags=0x220000 id=-1
E/qdoverlay(  261): src msmfb_img w=736 h=1280 format=13 MDP_RGBA_8888
E/qdoverlay(  261): src_rect mdp_rect x=0 y=0 w=720 h=1280
E/qdoverlay(  261): dst_rect mdp_rect x=0 y=0 w=720 h=1280
I/SamplingProfilerIntegration(  325): Profiling disabled.
D/Zygote  (  325): begin preload
V/NatController(  304): runCmd(/system/bin/iptables -F natctrl_FORWARD) res=0
E/qdoverlay(  261): Bad ov dump:  mdp_overlay z=0 fg=0 alpha=255 mask=-1 flags=0x220000 id=-1
E/qdoverlay(  261): src msmfb_img w=736 h=1280 format=13 MDP_RGBA_8888
E/qdoverlay(  261): src_rect mdp_rect x=0 y=0 w=720 h=1280
E/qdoverlay(  261): dst_rect mdp_rect x=0 y=0 w=720 h=1280
V/NatController(  304): runCmd(/system/bin/iptables -A natctrl_FORWARD -j DROP) res=0
V/NatController(  304): runCmd(/system/bin/iptables -t nat -F natctrl_nat_POSTROUTING) res=0
E/qdoverlay(  261): Bad ov dump:  mdp_overlay z=0 fg=0 alpha=255 mask=-1 flags=0x220000 id=-1
E/qdoverlay(  261): src msmfb_img w=736 h=1280 format=13 MDP_RGBA_8888
E/qdoverlay(  261): src_rect mdp_rect x=0 y=0 w=720 h=1280
E/qdoverlay(  261): dst_rect mdp_rect x=0 y=0 w=720 h=1280
V/NatController(  304): runCmd(/system/bin/iptables -F natctrl_tether_counters) res=1
I/ServiceManager(  308): Waiting for service batterystats...
V/NatController(  304): runCmd(/system/bin/iptables -X natctrl_tether_counters) res=1
V/NatController(  304): runCmd(/system/bin/iptables -N natctrl_tether_counters) res=0
I/Zygote  (  325): Preloading classes...
V/NatController(  304): runCmd(/system/bin/iptables -t mangle -A natctrl_mangle_FORWARD -p tcp --tcp-flags SYN SYN -j TCPMSS --clamp-mss-to-pmtu) res=0
E/qdoverlay(  261): Bad ov dump:  mdp_overlay z=0 fg=0 alpha=255 mask=-1 flags=0x220000 id=-1
E/qdoverlay(  261): src msmfb_img w=736 h=1280 format=13 MDP_RGBA_8888
E/qdoverlay(  261): src_rect mdp_rect x=0 y=0 w=720 h=1280
E/qdoverlay(  261): dst_rect mdp_rect x=0 y=0 w=720 h=1280
I/art     (  325): Explicit concurrent mark sweep GC freed 1001(56KB) AllocSpace objects, 0(0B) LOS objects, 98% free, 73KB/4MB, paused 284us total 27.796ms
I/art     (  325): Counter: 1
E/qdoverlay(  261): Bad ov dump:  mdp_overlay z=0 fg=0 alpha=255 mask=-1 flags=0x220000 id=-1
E/qdoverlay(  261): src msmfb_img w=736 h=1280 format=13 MDP_RGBA_8888
E/qdoverlay(  261): src_rect mdp_rect x=0 y=0 w=720 h=1280
E/qdoverlay(  261): dst_rect mdp_rect x=0 y=0 w=720 h=1280
E/qdoverlay(  261): Bad ov dump:  mdp_overlay z=0 fg=0 alpha=255 mask=-1 flags=0x220000 id=-1
E/qdoverlay(  261): src msmfb_img w=736 h=1280 format=13 MDP_RGBA_8888
E/qdoverlay(  261): src_rect mdp_rect x=0 y=0 w=720 h=1280
E/qdoverlay(  261): dst_rect mdp_rect x=0 y=0 w=720 h=1280
E/qdoverlay(  261): Bad ov dump:  mdp_overlay z=0 fg=0 alpha=255 mask=-1 flags=0x220000 id=-1
E/qdoverlay(  261): src msmfb_img w=736 h=1280 format=13 MDP_RGBA_8888
E/qdoverlay(  261): src_rect mdp_rect x=0 y=0 w=720 h=1280
E/qdoverlay(  261): dst_rect mdp_rect x=0 y=0 w=720 h=1280
E/qdoverlay(  261): Bad ov dump:  mdp_overlay z=0 fg=0 alpha=255 mask=-1 flags=0x220000 id=-1
E/qdoverlay(  261): src msmfb_img w=736 h=1280 format=13 MDP_RGBA_8888
E/qdoverlay(  261): src_rect mdp_rect x=0 y=0 w=720 h=1280
E/qdoverlay(  261): dst_rect mdp_rect x=0 y=0 w=720 h=1280
E/qdoverlay(  261): Bad ov dump:  mdp_overlay z=0 fg=0 alpha=255 mask=-1 flags=0x220000 id=-1
E/qdoverlay(  261): src msmfb_img w=736 h=1280 format=13 MDP_RGBA_8888
E/qdoverlay(  261): src_rect mdp_rect x=0 y=0 w=720 h=1280
E/qdoverlay(  261): dst_rect mdp_rect x=0 y=0 w=720 h=1280
E/qdoverlay(  261): Bad ov dump:  mdp_overlay z=0 fg=0 alpha=255 mask=-1 flags=0x220000 id=-1
E/qdoverlay(  261): src msmfb_img w=736 h=1280 format=13 MDP_RGBA_8888
E/qdoverlay(  261): src_rect mdp_rect x=0 y=0 w=720 h=1280
E/qdoverlay(  261): dst_rect mdp_rect x=0 y=0 w=720 h=1280
E/qdoverlay(  261): Bad ov dump:  mdp_overlay z=0 fg=0 alpha=255 mask=-1 flags=0x220000 id=-1
E/qdoverlay(  261): src msmfb_img w=736 h=1280 format=13 MDP_RGBA_8888
E/qdoverlay(  261): src_rect mdp_rect x=0 y=0 w=720 h=1280
E/qdoverlay(  261): dst_rect mdp_rect x=0 y=0 w=720 h=1280
E/qdoverlay(  261): Bad ov dump:  mdp_overlay z=0 fg=0 alpha=255 mask=-1 flags=0x220000 id=-1
E/qdoverlay(  261): src msmfb_img w=736 h=1280 format=13 MDP_RGBA_8888
E/qdoverlay(  261): src_rect mdp_rect x=0 y=0 w=720 h=1280
E/qdoverlay(  261): dst_rect mdp_rect x=0 y=0 w=720 h=1280
E/qdoverlay(  261): Bad ov dump:  mdp_overlay z=0 fg=0 alpha=255 mask=-1 flags=0x220000 id=-1
E/qdoverlay(  261): src msmfb_img w=736 h=1280 format=13 MDP_RGBA_8888
E/qdoverlay(  261): src_rect mdp_rect x=0 y=0 w=720 h=1280
E/qdoverlay(  261): dst_rect mdp_rect x=0 y=0 w=720 h=1280
E/qdoverlay(  261): Bad ov dump:  mdp_overlay z=0 fg=0 alpha=255 mask=-1 flags=0x220000 id=-1
E/qdoverlay(  261): src msmfb_img w=736 h=1280 format=13 MDP_RGBA_8888
E/qdoverlay(  261): src_rect mdp_rect x=0 y=0 w=720 h=1280
E/qdoverlay(  261): dst_rect mdp_rect x=0 y=0 w=720 h=1280
E/qdoverlay(  261): Bad ov dump:  mdp_overlay z=0 fg=0 alpha=255 mask=-1 flags=0x220000 id=-1
E/qdoverlay(  261): src msmfb_img w=736 h=1280 format=13 MDP_RGBA_8888
E/qdoverlay(  261): src_rect mdp_rect x=0 y=0 w=720 h=1280
E/qdoverlay(  261): dst_rect mdp_rect x=0 y=0 w=720 h=1280
E/qdoverlay(  261): Bad ov dump:  mdp_overlay z=0 fg=0 alpha=255 mask=-1 flags=0x220000 id=-1
E/qdoverlay(  261): src msmfb_img w=736 h=1280 format=13 MDP_RGBA_8888
E/qdoverlay(  261): src_rect mdp_rect x=0 y=0 w=720 h=1280
E/qdoverlay(  261): dst_rect mdp_rect x=0 y=0 w=720 h=1280
E/qdoverlay(  261): Bad ov dump:  mdp_overlay z=0 fg=0 alpha=255 mask=-1 flags=0x220000 id=-1
E/qdoverlay(  261): src msmfb_img w=736 h=1280 format=13 MDP_RGBA_8888
E/qdoverlay(  261): src_rect mdp_rect x=0 y=0 w=720 h=1280
E/qdoverlay(  261): dst_rect mdp_rect x=0 y=0 w=720 h=1280
E/qdoverlay(  261): Bad ov dump:  mdp_overlay z=0 fg=0 alpha=255 mask=-1 flags=0x220000 id=-1
E/qdoverlay(  261): src msmfb_img w=736 h=1280 format=13 MDP_RGBA_8888
E/qdoverlay(  261): src_rect mdp_rect x=0 y=0 w=720 h=1280
E/qdoverlay(  261): dst_rect mdp_rect x=0 y=0 w=720 h=1280
I/rmt_storage(  301): rmt_storage_connect_cb: clnt_h=0x5 conn_h=0xb6c01090
I/rmt_storage(  301): rmt_storage_rw_iovec_cb: /boot/modem_fs2: clnt_h=0x2: req_h=0x9 msg_id=3: R/W request received
I/rmt_storage(  301): wakelock acquired: 1, error no: 42
I/rmt_storage(  301): rmt_storage_client_thread: /boot/modem_fs2: clnt_h=0x2 Unblock worker thread (th_id: -1228406016)
E/qdoverlay(  261): Bad ov dump:  mdp_overlay z=0 fg=0 alpha=255 mask=-1 flags=0x220000 id=-1
E/qdoverlay(  261): src msmfb_img w=736 h=1280 format=13 MDP_RGBA_8888
E/qdoverlay(  261): src_rect mdp_rect x=0 y=0 w=720 h=1280
E/qdoverlay(  261): dst_rect mdp_rect x=0 y=0 w=720 h=1280
E/qdoverlay(  261): Bad ov dump:  mdp_overlay z=0 fg=0 alpha=255 mask=-1 flags=0x220000 id=-1
E/qdoverlay(  261): src msmfb_img w=736 h=1280 format=13 MDP_RGBA_8888
E/qdoverlay(  261): src_rect mdp_rect x=0 y=0 w=720 h=1280
E/qdoverlay(  261): dst_rect mdp_rect x=0 y=0 w=720 h=1280
E/qdoverlay(  261): Bad ov dump:  mdp_overlay z=0 fg=0 alpha=255 mask=-1 flags=0x220000 id=-1
E/qdoverlay(  261): src msmfb_img w=736 h=1280 format=13 MDP_RGBA_8888
E/qdoverlay(  261): src_rect mdp_rect x=0 y=0 w=720 h=1280
E/qdoverlay(  261): dst_rect mdp_rect x=0 y=0 w=720 h=1280
I/rmt_storage(  301): rmt_storage_client_thread: /boot/modem_fs2: clnt_h=0x2: req_h=0x9 msg_id=3: Bytes written = 1572864
I/rmt_storage(  301): rmt_storage_client_thread: /boot/modem_fs2: clnt_h=0x2: req_h=0x9 msg_id=3: Send response: res=0 err=0
I/rmt_storage(  301): rmt_storage_client_thread: /boot/modem_fs2: clnt_h=0x2 About to block rmt_storage client thread (th_id: -1228406016) wakelock released: 1, error no: 22
I/rmt_storage(  301): 
I/rmt_storage(  301): rmt_storage_disconnect_cb: clnt_h=0x0x5 conn_h=0x0xb6c01090
E/qdoverlay(  261): Bad ov dump:  mdp_overlay z=0 fg=0 alpha=255 mask=-1 flags=0x220000 id=-1
E/qdoverlay(  261): src msmfb_img w=736 h=1280 format=13 MDP_RGBA_8888
E/qdoverlay(  261): src_rect mdp_rect x=0 y=0 w=720 h=1280
E/qdoverlay(  261): dst_rect mdp_rect x=0 y=0 w=720 h=1280
E/Minikin (  325): addFont failed to create font /system/fonts/NanumGothic.ttf
E/qdoverlay(  261): Bad ov dump:  mdp_overlay z=0 fg=0 alpha=255 mask=-1 flags=0x220000 id=-1
E/qdoverlay(  261): src msmfb_img w=736 h=1280 format=13 MDP_RGBA_8888
E/qdoverlay(  261): src_rect mdp_rect x=0 y=0 w=720 h=1280
E/qdoverlay(  261): dst_rect mdp_rect x=0 y=0 w=720 h=1280
E/Minikin (  325): addFont failed to create font /system/fonts/DroidSansFallback.ttf
E/qdoverlay(  261): Bad ov dump:  mdp_overlay z=0 fg=0 alpha=255 mask=-1 flags=0x220000 id=-1
E/qdoverlay(  261): src msmfb_img w=736 h=1280 format=13 MDP_RGBA_8888
E/qdoverlay(  261): src_rect mdp_rect x=0 y=0 w=720 h=1280
E/qdoverlay(  261): dst_rect mdp_rect x=0 y=0 w=720 h=1280
E/qdoverlay(  261): Bad ov dump:  mdp_overlay z=0 fg=0 alpha=255 mask=-1 flags=0x220000 id=-1
E/qdoverlay(  261): src msmfb_img w=736 h=1280 format=13 MDP_RGBA_8888
E/qdoverlay(  261): src_rect mdp_rect x=0 y=0 w=720 h=1280
E/qdoverlay(  261): dst_rect mdp_rect x=0 y=0 w=720 h=1280
E/Diag_Lib(  321): qmi_client [321]: unable to connect to server, errno=[2:No such file or directory], attempt=2
E/Diag_Lib(  333): Setting internal use port to rmnet0
E/Diag_Lib(  333): linux_qmi_qmux_if_client_get_proc_name: pid=333, proc_name=time_daemon
E/Diag_Lib(  333): linux_qmi_qmux_if_client_get_socket_paths: num_grps=1
E/Diag_Lib(  333): linux_qmi_qmux_if_client_get_proc_group_name: gid=3004, grp_name=net_raw
E/Diag_Lib(  333): using socket paths bind=/dev/socket/qmux_radio/qmux_client_socket, connect=/dev/socket/qmux_radio/qmux_connect_socket
E/Diag_Lib(  333): qmi_client [333]: unable to bind to client socket, rc = -1 errno[13:Permission denied]
E/Diag_Lib(  333): qmi_qmux_if_pwr_up_init_ex:  Initialization failed, rc = -1
E/QMI_FW  (  333): QMUXD: WARNING qmi_qmux_if_pwr_up_init failed! rc=-1
E/Diag_Lib(  333): Setting internal use port to rmnet0
E/Diag_Lib(  333): linux_qmi_qmux_if_client_get_proc_name: pid=333, proc_name=time_daemon
E/Diag_Lib(  333): linux_qmi_qmux_if_client_get_socket_paths: num_grps=1
E/Diag_Lib(  333): linux_qmi_qmux_if_client_get_proc_group_name: gid=3004, grp_name=net_raw
E/Diag_Lib(  333): using socket paths bind=/dev/socket/qmux_radio/qmux_client_socket, connect=/dev/socket/qmux_radio/qmux_connect_socket
E/Diag_Lib(  333): qmi_client [333]: unable to bind to client socket, rc = -1 errno[13:Permission denied]
E/Diag_Lib(  333): qmi_qmux_if_pwr_up_init_ex:  Initialization failed, rc = -1
E/QMI_FW  (  333): QMUXD: WARNING qmi_qmux_if_pwr_up_init failed! rc=-1
E/Diag_Lib(  333): Setting internal use port to rmnet0
E/Diag_Lib(  333): linux_qmi_qmux_if_client_get_proc_name: pid=333, proc_name=time_daemon
E/Diag_Lib(  333): linux_qmi_qmux_if_client_get_socket_paths: num_grps=1
E/Diag_Lib(  333): linux_qmi_qmux_if_client_get_proc_group_name: gid=3004, grp_name=net_raw
E/Diag_Lib(  333): using socket paths bind=/dev/socket/qmux_radio/qmux_client_socket, connect=/dev/socket/qmux_radio/qmux_connect_socket
E/Diag_Lib(  333): qmi_client [333]: unable to bind to client socket, rc = -1 errno[13:Permission denied]
E/Diag_Lib(  333): qmi_qmux_if_pwr_up_init_ex:  Initialization failed, rc = -1
E/QMI_FW  (  333): QMUXD: WARNING qmi_qmux_if_pwr_up_init failed! rc=-1
E/QC-time-services(  333): Daemon:genoff_modem_qmi_init: qmi_client_get_service_list returned 0num_services 1
E/Diag_Lib(  333): Setting internal use port to rmnet0
E/Diag_Lib(  333): linux_qmi_qmux_if_client_get_proc_name: pid=333, proc_name=time_daemon
E/Diag_Lib(  333): linux_qmi_qmux_if_client_get_socket_paths: num_grps=1
E/Diag_Lib(  333): linux_qmi_qmux_if_client_get_proc_group_name: gid=3004, grp_name=net_raw
E/Diag_Lib(  333): using socket paths bind=/dev/socket/qmux_radio/qmux_client_socket, connect=/dev/socket/qmux_radio/qmux_connect_socket
E/Diag_Lib(  333): qmi_client [333]: unable to bind to client socket, rc = -1 errno[13:Permission denied]
E/Diag_Lib(  333): qmi_qmux_if_pwr_up_init_ex:  Initialization failed, rc = -1
E/QMI_FW  (  333): QMUXD: WARNING qmi_qmux_if_pwr_up_init failed! rc=-1
E/Diag_Lib(  333): Setting internal use port to rmnet0
E/Diag_Lib(  333): linux_qmi_qmux_if_client_get_proc_name: pid=333, proc_name=time_daemon
E/Diag_Lib(  333): linux_qmi_qmux_if_client_get_socket_paths: num_grps=1
E/Diag_Lib(  333): linux_qmi_qmux_if_client_get_proc_group_name: gid=3004, grp_name=net_raw
E/Diag_Lib(  333): using socket paths bind=/dev/socket/qmux_radio/qmux_client_socket, connect=/dev/socket/qmux_radio/qmux_connect_socket
E/Diag_Lib(  333): qmi_client [333]: unable to bind to client socket, rc = -1 errno[13:Permission denied]
E/Diag_Lib(  333): qmi_qmux_if_pwr_up_init_ex:  Initialization failed, rc = -1
E/QMI_FW  (  333): QMUXD: WARNING qmi_qmux_if_pwr_up_init failed! rc=-1
E/Diag_Lib(  333): Setting internal use port to rmnet0
E/Diag_Lib(  333): linux_qmi_qmux_if_client_get_proc_name: pid=333, proc_name=time_daemon
E/Diag_Lib(  333): linux_qmi_qmux_if_client_get_socket_paths: num_grps=1
E/Diag_Lib(  333): linux_qmi_qmux_if_client_get_proc_group_name: gid=3004, grp_name=net_raw
E/Diag_Lib(  333): using socket paths bind=/dev/socket/qmux_radio/qmux_client_socket, connect=/dev/socket/qmux_radio/qmux_connect_socket
E/Diag_Lib(  333): qmi_client [333]: unable to bind to client socket, rc = -1 errno[13:Permission denied]
E/Diag_Lib(  333): qmi_qmux_if_pwr_up_init_ex:  Initialization failed, rc = -1
E/QMI_FW  (  333): QMUXD: WARNING qmi_qmux_if_pwr_up_init failed! rc=-1
E/Diag_Lib(  333): Setting internal use port to rmnet0
E/Diag_Lib(  333): linux_qmi_qmux_if_client_get_proc_name: pid=333, proc_name=time_daemon
E/Diag_Lib(  333): linux_qmi_qmux_if_client_get_socket_paths: num_grps=1
E/Diag_Lib(  333): linux_qmi_qmux_if_client_get_proc_group_name: gid=3004, grp_name=net_raw
E/Diag_Lib(  333): using socket paths bind=/dev/socket/qmux_radio/qmux_client_socket, connect=/dev/socket/qmux_radio/qmux_connect_socket
E/Diag_Lib(  333): qmi_client [333]: unable to bind to client socket, rc = -1 errno[13:Permission denied]
E/Diag_Lib(  333): qmi_qmux_if_pwr_up_init_ex:  Initialization failed, rc = -1
E/QMI_FW  (  333): QMUXD: WARNING qmi_qmux_if_pwr_up_init failed! rc=-1
E/Diag_Lib(  333): Setting internal use port to rmnet0
E/Diag_Lib(  333): linux_qmi_qmux_if_client_get_proc_name: pid=333, proc_name=time_daemon
E/Diag_Lib(  333): linux_qmi_qmux_if_client_get_socket_paths: num_grps=1
E/Diag_Lib(  333): linux_qmi_qmux_if_client_get_proc_group_name: gid=3004, grp_name=net_raw
E/Diag_Lib(  333): using socket paths bind=/dev/socket/qmux_radio/qmux_client_socket, connect=/dev/socket/qmux_radio/qmux_connect_socket
E/Diag_Lib(  333): qmi_client [333]: unable to bind to client socket, rc = -1 errno[13:Permission denied]
E/Diag_Lib(  333): qmi_qmux_if_pwr_up_init_ex:  Initialization failed, rc = -1
E/QMI_FW  (  333): QMUXD: WARNING qmi_qmux_if_pwr_up_init failed! rc=-1
E/Diag_Lib(  333): Setting internal use port to rmnet0
E/Diag_Lib(  333): linux_qmi_qmux_if_client_get_proc_name: pid=333, proc_name=time_daemon
E/Diag_Lib(  333): linux_qmi_qmux_if_client_get_socket_paths: num_grps=1
E/Diag_Lib(  333): linux_qmi_qmux_if_client_get_proc_group_name: gid=3004, grp_name=net_raw
E/Diag_Lib(  333): using socket paths bind=/dev/socket/qmux_radio/qmux_client_socket, connect=/dev/socket/qmux_radio/qmux_connect_socket
E/Diag_Lib(  333): qmi_client [333]: unable to bind to client socket, rc = -1 errno[13:Permission denied]
E/Diag_Lib(  333): qmi_qmux_if_pwr_up_init_ex:  Initialization failed, rc = -1
E/QMI_FW  (  333): QMUXD: WARNING qmi_qmux_if_pwr_up_init failed! rc=-1
E/Diag_Lib(  333): Setting internal use port to rmnet0
E/Diag_Lib(  333): linux_qmi_qmux_if_client_get_proc_name: pid=333, proc_name=time_daemon
E/Diag_Lib(  333): linux_qmi_qmux_if_client_get_socket_paths: num_grps=1
E/Diag_Lib(  333): linux_qmi_qmux_if_client_get_proc_group_name: gid=3004, grp_name=net_raw
E/Diag_Lib(  333): using socket paths bind=/dev/socket/qmux_radio/qmux_client_socket, connect=/dev/socket/qmux_radio/qmux_connect_socket
E/Diag_Lib(  333): qmi_client [333]: unable to bind to client socket, rc = -1 errno[13:Permission denied]
E/Diag_Lib(  333): qmi_qmux_if_pwr_up_init_ex:  Initialization failed, rc = -1
E/QMI_FW  (  333): QMUXD: WARNING qmi_qmux_if_pwr_up_init failed! rc=-1
E/Diag_Lib(  333): Setting internal use port to rmnet0
E/Diag_Lib(  333): linux_qmi_qmux_if_client_get_proc_name: pid=333, proc_name=time_daemon
E/Diag_Lib(  333): linux_qmi_qmux_if_client_get_socket_paths: num_grps=1
E/Diag_Lib(  333): linux_qmi_qmux_if_client_get_proc_group_name: gid=3004, grp_name=net_raw
E/Diag_Lib(  333): using socket paths bind=/dev/socket/qmux_radio/qmux_client_socket, connect=/dev/socket/qmux_radio/qmux_connect_socket
E/Diag_Lib(  333): qmi_client [333]: unable to bind to client socket, rc = -1 errno[13:Permission denied]
E/Diag_Lib(  333): qmi_qmux_if_pwr_up_init_ex:  Initialization failed, rc = -1
E/QMI_FW  (  333): QMUXD: WARNING qmi_qmux_if_pwr_up_init failed! rc=-1
E/Diag_Lib(  333): Setting internal use port to rmnet0
E/Diag_Lib(  333): linux_qmi_qmux_if_client_get_proc_name: pid=333, proc_name=time_daemon
E/Diag_Lib(  333): linux_qmi_qmux_if_client_get_socket_paths: num_grps=1
E/Diag_Lib(  333): linux_qmi_qmux_if_client_get_proc_group_name: gid=3004, grp_name=net_raw
E/Diag_Lib(  333): using socket paths bind=/dev/socket/qmux_radio/qmux_client_socket, connect=/dev/socket/qmux_radio/qmux_connect_socket
E/Diag_Lib(  333): qmi_client [333]: unable to bind to client socket, rc = -1 errno[13:Permission denied]
E/Diag_Lib(  333): qmi_qmux_if_pwr_up_init_ex:  Initialization failed, rc = -1
E/QMI_FW  (  333): QMUXD: WARNING qmi_qmux_if_pwr_up_init failed! rc=-1
D/QC-time-services(  333): Daemon:rtc_get: Time read from RTC -- MM/DD/YY HH:MM:SS0/7/70 20:53:38
D/QC-time-services(  333): Daemon:Value read from RTC seconds = 593618000
D/QC-time-services(  333): Daemon:genoff_modem_qmi_init: Initial transaction successfull
D/QC-time-services(  333): Daemon: Time-services: All initializations done
E/QC-time-services(  333): Daemon: Time-services: Waiting to acceptconnection
E/qdoverlay(  261): Bad ov dump:  mdp_overlay z=0 fg=0 alpha=255 mask=-1 flags=0x220000 id=-1
E/qdoverlay(  261): src msmfb_img w=736 h=1280 format=13 MDP_RGBA_8888
E/qdoverlay(  261): src_rect mdp_rect x=0 y=0 w=720 h=1280
E/qdoverlay(  261): dst_rect mdp_rect x=0 y=0 w=720 h=1280
D/MDnsDS  (  304): MDnsSdListener::Hander starting up
D/MDnsDS  (  304): MDnsSdListener starting to monitor
D/MDnsDS  (  304): Going to poll with pollCount 1
E/qdoverlay(  261): Bad ov dump:  mdp_overlay z=0 fg=0 alpha=255 mask=-1 flags=0x220000 id=-1
E/qdoverlay(  261): src msmfb_img w=736 h=1280 format=13 MDP_RGBA_8888
E/qdoverlay(  261): src_rect mdp_rect x=0 y=0 w=720 h=1280
E/qdoverlay(  261): dst_rect mdp_rect x=0 y=0 w=720 h=1280
E/qdoverlay(  261): Bad ov dump:  mdp_overlay z=0 fg=0 alpha=255 mask=-1 flags=0x220000 id=-1
E/qdoverlay(  261): src msmfb_img w=736 h=1280 format=13 MDP_RGBA_8888
E/qdoverlay(  261): src_rect mdp_rect x=0 y=0 w=720 h=1280
E/qdoverlay(  261): dst_rect mdp_rect x=0 y=0 w=720 h=1280
E/qdoverlay(  261): Bad ov dump:  mdp_overlay z=0 fg=0 alpha=255 mask=-1 flags=0x220000 id=-1
E/qdoverlay(  261): src msmfb_img w=736 h=1280 format=13 MDP_RGBA_8888
E/qdoverlay(  261): src_rect mdp_rect x=0 y=0 w=720 h=1280
E/qdoverlay(  261): dst_rect mdp_rect x=0 y=0 w=720 h=1280
E/qdoverlay(  261): Bad ov dump:  mdp_overlay z=0 fg=0 alpha=255 mask=-1 flags=0x220000 id=-1
E/qdoverlay(  261): src msmfb_img w=736 h=1280 format=13 MDP_RGBA_8888
E/qdoverlay(  261): src_rect mdp_rect x=0 y=0 w=720 h=1280
E/qdoverlay(  261): dst_rect mdp_rect x=0 y=0 w=720 h=1280
E/qdoverlay(  261): Bad ov dump:  mdp_overlay z=0 fg=0 alpha=255 mask=-1 flags=0x220000 id=-1
E/qdoverlay(  261): src msmfb_img w=736 h=1280 format=13 MDP_RGBA_8888
E/qdoverlay(  261): src_rect mdp_rect x=0 y=0 w=720 h=1280
E/qdoverlay(  261): dst_rect mdp_rect x=0 y=0 w=720 h=1280
