D/NuPlayerDriver(  308): reset(0xb60e82e0)
D/NuPlayerDriver(  308): notifyResetComplete(0xb60e82e0)
I/FFmpegExtractor(  308): android-source:0xb318a060
D/NuPlayerDriver(  308): reset(0xb4d0d040)
I/FFMPEG  (  308): Input #0, ogg, from 'android-source:0xb318a060':
I/FFMPEG  (  308):   Duration: 00:00:00.11, start: 0.000000, bitrate: 431 kb/s
I/FFMPEG  (  308):     Stream #0:0: Audio: vorbis, 48000 Hz, mono, fltp, 140 kb/s
D/FFmpegExtractor(  308): FFmpegExtrator, url: android-source:0xb318a060, format_name: ogg, format_long_name: Ogg
I/FFmpegExtractor(  308): adjust mime(application/ogg -> audio/vorbis)
D/FFmpegExtractor(  308): suppoted codec(vorbis) by official Stagefright
D/FFmpegExtractor(  308): ffmpeg detected media content as 'audio/vorbis' with confidence 0.08
D/NuPlayerDriver(  308): notifyResetComplete(0xb4d0d040)
E/qdoverlay(  261): Bad ov dump:  mdp_overlay z=0 fg=0 alpha=255 mask=-1 flags=0x220000 id=-1
E/qdoverlay(  261): src msmfb_img w=736 h=1280 format=13 MDP_RGBA_8888
E/qdoverlay(  261): src_rect mdp_rect x=0 y=0 w=720 h=1280
E/qdoverlay(  261): dst_rect mdp_rect x=0 y=0 w=720 h=1280
V/BackupManagerService(  767): Connected to transport ComponentInfo{android/com.android.internal.backup.LocalTransportService}
V/BackupManagerService(  767): Registering transport android/com.android.internal.backup.LocalTransportService::android/com.android.internal.backup.LocalTransport = android.app.backup.BackupTransport$TransportImpl@2e1ce4dc
V/ActivityManager(  767): Display changed displayId=0
D/ExtendedUtils(  308): extended extractor not needed, return default
I/FFmpegExtractor(  308): android-source:0xb452c060
I/MmsServiceBroker(  767): MmsService connected
D/NuPlayerDriver(  308): start(0xb4b1e040)
I/GenericSource(  308): start
W/Utils   (  308): bool android::canOffloadStream(const android::sp<android::MetaData>&, bool, const android::sp<android::MetaData>&, bool, audio_stream_type_t) No sample bit depth info in meta data
E/AudioPolicyManager(  308): isOffloadSupported: stream_type != MUSIC, returning false
E/qdoverlay(  261): Bad ov dump:  mdp_overlay z=0 fg=0 alpha=255 mask=-1 flags=0x220000 id=-1
E/qdoverlay(  261): src msmfb_img w=736 h=1280 format=13 MDP_RGBA_8888
E/qdoverlay(  261): src_rect mdp_rect x=0 y=0 w=720 h=1280
E/qdoverlay(  261): dst_rect mdp_rect x=0 y=0 w=720 h=1280
I/FFMPEG  (  308): Input #0, ogg, from 'android-source:0xb452c060':
I/FFMPEG  (  308):   Duration: 00:00:00.19, start: 0.000000, bitrate: 332 kb/s
I/FFMPEG  (  308):     Stream #0:0: Audio: vorbis, 44100 Hz, stereo, fltp, 160 kb/s
D/FFmpegExtractor(  308): FFmpegExtrator, url: android-source:0xb452c060, format_name: ogg, format_long_name: Ogg
I/FFmpegExtractor(  308): adjust mime(application/ogg -> audio/vorbis)
D/FFmpegExtractor(  308): suppoted codec(vorbis) by official Stagefright
D/FFmpegExtractor(  308): ffmpeg detected media content as 'audio/vorbis' with confidence 0.08
D/ExtendedUtils(  308): extended extractor not needed, return default
D/NuPlayerDriver(  308): start(0xb490d040)
I/GenericSource(  308): start
W/Utils   (  308): bool android::canOffloadStream(const android::sp<android::MetaData>&, bool, const android::sp<android::MetaData>&, bool, audio_stream_type_t) No sample bit depth info in meta data
E/AudioPolicyManager(  308): isOffloadSupported: stream_type != MUSIC, returning false
D/NuPlayerDriver(  308): reset(0xb4b1e040)
I/FusedLocation(  767): engine started (com.android.location.fused)
D/NuPlayerDriver(  308): notifyResetComplete(0xb4b1e040)
E/qdoverlay(  261): Bad ov dump:  mdp_overlay z=0 fg=0 alpha=255 mask=-1 flags=0x220000 id=-1
E/qdoverlay(  261): src msmfb_img w=736 h=1280 format=13 MDP_RGBA_8888
E/qdoverlay(  261): src_rect mdp_rect x=0 y=0 w=720 h=1280
E/qdoverlay(  261): dst_rect mdp_rect x=0 y=0 w=720 h=1280
D/NuPlayerDriver(  308): reset(0xb490d040)
D/NuPlayerDriver(  308): notifyResetComplete(0xb490d040)
I/ContactLocale( 1176): AddressBook Labels [en-US]: [, A, B, C, D, E, F, G, H, I, J, K, L, M, N, O, P, Q, R, S, T, U, V, W, X, Y, Z, , , , , , , , , , , , , , , , , , , , , , , , , , , , , , , , , , , , , , , , , , , , , , , , , , , , , , , , , , , , , , , , , , , , , , , , , , , , , , , , , , , , , , , , , , , , , , , , , , , , , , , , , , , , , , , , , , , , , , , , , , , , , , , , , , , , , , , , , , , , , , , , , , , , , , , , , , , , , , , , , , , , , , , , , , , , , , , , , , , , , , , , , , , , #, ]
W/art     ( 1176): Long monitor contention event with owner method=long libcore.icu.AlphabeticIndex.create(java.lang.String) from AlphabeticIndex.java:4294967294 waiters=0 for 219ms
I/FFmpegExtractor(  308): android-source:0xb3191060
I/FFmpegExtractor(  308): android-source:0xb452c060
E/qdoverlay(  261): Bad ov dump:  mdp_overlay z=0 fg=0 alpha=255 mask=-1 flags=0x220000 id=-1
E/qdoverlay(  261): src msmfb_img w=736 h=1280 format=13 MDP_RGBA_8888
E/qdoverlay(  261): src_rect mdp_rect x=0 y=0 w=720 h=1280
E/qdoverlay(  261): dst_rect mdp_rect x=0 y=0 w=720 h=1280
I/FFMPEG  (  308): Input #0, ogg, from 'android-source:0xb3191060':
I/FFMPEG  (  308):   Duration: 00:00:00.08, start: 0.000000, bitrate: 571 kb/s
I/FFMPEG  (  308):     Stream #0:0: Audio: vorbis, 48000 Hz, stereo, fltp, 160 kb/s
D/FFmpegExtractor(  308): FFmpegExtrator, url: android-source:0xb3191060, format_name: ogg, format_long_name: Ogg
I/FFmpegExtractor(  308): adjust mime(application/ogg -> audio/vorbis)
D/FFmpegExtractor(  308): suppoted codec(vorbis) by official Stagefright
D/FFmpegExtractor(  308): ffmpeg detected media content as 'audio/vorbis' with confidence 0.08
I/FFMPEG  (  308): Input #0, ogg, from 'android-source:0xb452c060':
I/FFMPEG  (  308):   Duration: 00:00:00.11, start: 0.000000, bitrate: 440 kb/s
I/FFMPEG  (  308):     Stream #0:0: Audio: vorbis, 48000 Hz, mono, fltp, 140 kb/s
D/FFmpegExtractor(  308): FFmpegExtrator, url: android-source:0xb452c060, format_name: ogg, format_long_name: Ogg
I/FFmpegExtractor(  308): adjust mime(application/ogg -> audio/vorbis)
D/FFmpegExtractor(  308): suppoted codec(vorbis) by official Stagefright
D/FFmpegExtractor(  308): ffmpeg detected media content as 'audio/vorbis' with confidence 0.08
E/qdoverlay(  261): Bad ov dump:  mdp_overlay z=0 fg=0 alpha=255 mask=-1 flags=0x220000 id=-1
E/qdoverlay(  261): src msmfb_img w=736 h=1280 format=13 MDP_RGBA_8888
E/qdoverlay(  261): src_rect mdp_rect x=0 y=0 w=720 h=1280
E/qdoverlay(  261): dst_rect mdp_rect x=0 y=0 w=720 h=1280
D/ExtendedUtils(  308): extended extractor not needed, return default
D/NuPlayerDriver(  308): start(0xb60e82e0)
I/GenericSource(  308): start
W/Utils   (  308): bool android::canOffloadStream(const android::sp<android::MetaData>&, bool, const android::sp<android::MetaData>&, bool, audio_stream_type_t) No sample bit depth info in meta data
E/AudioPolicyManager(  308): isOffloadSupported: stream_type != MUSIC, returning false
D/ExtendedUtils(  308): extended extractor not needed, return default
D/NuPlayerDriver(  308): start(0xb53e7040)
I/GenericSource(  308): start
W/Utils   (  308): bool android::canOffloadStream(const android::sp<android::MetaData>&, bool, const android::sp<android::MetaData>&, bool, audio_stream_type_t) No sample bit depth info in meta data
E/AudioPolicyManager(  308): isOffloadSupported: stream_type != MUSIC, returning false
E/qdoverlay(  261): Bad ov dump:  mdp_overlay z=0 fg=0 alpha=255 mask=-1 flags=0x220000 id=-1
E/qdoverlay(  261): src msmfb_img w=736 h=1280 format=13 MDP_RGBA_8888
E/qdoverlay(  261): src_rect mdp_rect x=0 y=0 w=720 h=1280
E/qdoverlay(  261): dst_rect mdp_rect x=0 y=0 w=720 h=1280
D/NuPlayerDriver(  308): reset(0xb60e82e0)
D/NuPlayerDriver(  308): notifyResetComplete(0xb60e82e0)
D/NuPlayerDriver(  308): reset(0xb53e7040)
D/NuPlayerDriver(  308): notifyResetComplete(0xb53e7040)
E/qdoverlay(  261): Bad ov dump:  mdp_overlay z=0 fg=0 alpha=255 mask=-1 flags=0x220000 id=-1
E/qdoverlay(  261): src msmfb_img w=736 h=1280 format=13 MDP_RGBA_8888
E/qdoverlay(  261): src_rect mdp_rect x=0 y=0 w=720 h=1280
E/qdoverlay(  261): dst_rect mdp_rect x=0 y=0 w=720 h=1280
I/FFmpegExtractor(  308): android-source:0xb452c060
I/FFMPEG  (  308): Input #0, ogg, from 'android-source:0xb452c060':
I/FFMPEG  (  308):   Duration: 00:00:00.11, start: 0.000000, bitrate: 431 kb/s
I/FFMPEG  (  308):     Stream #0:0: Audio: vorbis, 48000 Hz, mono, fltp, 140 kb/s
D/FFmpegExtractor(  308): FFmpegExtrator, url: android-source:0xb452c060, format_name: ogg, format_long_name: Ogg
I/FFmpegExtractor(  308): adjust mime(application/ogg -> audio/vorbis)
D/FFmpegExtractor(  308): suppoted codec(vorbis) by official Stagefright
D/FFmpegExtractor(  308): ffmpeg detected media content as 'audio/vorbis' with confidence 0.08
E/qdoverlay(  261): Bad ov dump:  mdp_overlay z=0 fg=0 alpha=255 mask=-1 flags=0x220000 id=-1
E/qdoverlay(  261): src msmfb_img w=736 h=1280 format=13 MDP_RGBA_8888
E/qdoverlay(  261): src_rect mdp_rect x=0 y=0 w=720 h=1280
E/qdoverlay(  261): dst_rect mdp_rect x=0 y=0 w=720 h=1280
D/ExtendedUtils(  308): extended extractor not needed, return default
D/NuPlayerDriver(  308): start(0xb4d0d040)
I/GenericSource(  308): start
W/Utils   (  308): bool android::canOffloadStream(const android::sp<android::MetaData>&, bool, const android::sp<android::MetaData>&, bool, audio_stream_type_t) No sample bit depth info in meta data
E/AudioPolicyManager(  308): isOffloadSupported: stream_type != MUSIC, returning false
I/art     (  767): Explicit concurrent mark sweep GC freed 40980(4MB) AllocSpace objects, 14(323KB) LOS objects, 33% free, 13MB/19MB, paused 5.993ms total 161.372ms
E/qdoverlay(  261): Bad ov dump:  mdp_overlay z=0 fg=0 alpha=255 mask=-1 flags=0x220000 id=-1
E/qdoverlay(  261): src msmfb_img w=736 h=1280 format=13 MDP_RGBA_8888
E/qdoverlay(  261): src_rect mdp_rect x=0 y=0 w=720 h=1280
E/qdoverlay(  261): dst_rect mdp_rect x=0 y=0 w=720 h=1280
D/NuPlayerDriver(  308): reset(0xb4d0d040)
D/NuPlayerDriver(  308): notifyResetComplete(0xb4d0d040)
I/FFmpegExtractor(  308): android-source:0xb452c060
E/qdoverlay(  261): Bad ov dump:  mdp_overlay z=0 fg=0 alpha=255 mask=-1 flags=0x220000 id=-1
E/qdoverlay(  261): src msmfb_img w=736 h=1280 format=13 MDP_RGBA_8888
E/qdoverlay(  261): src_rect mdp_rect x=0 y=0 w=720 h=1280
E/qdoverlay(  261): dst_rect mdp_rect x=0 y=0 w=720 h=1280
I/FFMPEG  (  308): Input #0, ogg, from 'android-source:0xb452c060':
I/FFMPEG  (  308):   Duration: 00:00:00.11, start: 0.000000, bitrate: 462 kb/s
I/FFMPEG  (  308):     Stream #0:0: Audio: vorbis, 48000 Hz, mono, fltp, 140 kb/s
D/FFmpegExtractor(  308): FFmpegExtrator, url: android-source:0xb452c060, format_name: ogg, format_long_name: Ogg
I/FFmpegExtractor(  308): adjust mime(application/ogg -> audio/vorbis)
D/FFmpegExtractor(  308): suppoted codec(vorbis) by official Stagefright
D/FFmpegExtractor(  308): ffmpeg detected media content as 'audio/vorbis' with confidence 0.08
D/ExtendedUtils(  308): extended extractor not needed, return default
D/NuPlayerDriver(  308): start(0xb4b1e040)
I/GenericSource(  308): start
W/Utils   (  308): bool android::canOffloadStream(const android::sp<android::MetaData>&, bool, const android::sp<android::MetaData>&, bool, audio_stream_type_t) No sample bit depth info in meta data
E/qdoverlay(  261): Bad ov dump:  mdp_overlay z=0 fg=0 alpha=255 mask=-1 flags=0x220000 id=-1
E/qdoverlay(  261): src msmfb_img w=736 h=1280 format=13 MDP_RGBA_8888
E/AudioPolicyManager(  308): isOffloadSupported: stream_type != MUSIC, returning false
E/qdoverlay(  261): src_rect mdp_rect x=0 y=0 w=720 h=1280
E/qdoverlay(  261): dst_rect mdp_rect x=0 y=0 w=720 h=1280
E/qdoverlay(  261): Bad ov dump:  mdp_overlay z=0 fg=0 alpha=255 mask=-1 flags=0x220000 id=-1
E/qdoverlay(  261): src msmfb_img w=736 h=1280 format=13 MDP_RGBA_8888
E/qdoverlay(  261): src_rect mdp_rect x=0 y=0 w=720 h=1280
E/qdoverlay(  261): dst_rect mdp_rect x=0 y=0 w=720 h=1280
D/NuPlayerDriver(  308): reset(0xb4b1e040)
D/NuPlayerDriver(  308): notifyResetComplete(0xb4b1e040)
W/Settings(  877): Setting airplane_mode_on has moved from android.provider.Settings.System to android.provider.Settings.Global, returning read-only value.
I/FFmpegExtractor(  308): android-source:0xb452c060
W/Settings(  877): Setting airplane_mode_on has moved from android.provider.Settings.System to android.provider.Settings.Global, returning read-only value.
E/qdoverlay(  261): Bad ov dump:  mdp_overlay z=0 fg=0 alpha=255 mask=-1 flags=0x220000 id=-1
E/qdoverlay(  261): src msmfb_img w=736 h=1280 format=13 MDP_RGBA_8888
E/qdoverlay(  261): src_rect mdp_rect x=0 y=0 w=720 h=1280
E/qdoverlay(  261): dst_rect mdp_rect x=0 y=0 w=720 h=1280
I/FFMPEG  (  308): Input #0, ogg, from 'android-source:0xb452c060':
I/FFMPEG  (  308):   Duration: 00:00:00.18, start: 0.000000, bitrate: 431 kb/s
I/FFMPEG  (  308):     Stream #0:0: Audio: vorbis, 44100 Hz, mono, fltp, 239 kb/s
I/FFMPEG  (  308):     Metadata:
I/FFMPEG  (  308):       ARTIST          : Copyright 2013 Android Open Source Project
D/FFmpegExtractor(  308): FFmpegExtrator, url: android-source:0xb452c060, format_name: ogg, format_long_name: Ogg
I/FFmpegExtractor(  308): adjust mime(application/ogg -> audio/vorbis)
D/FFmpegExtractor(  308): suppoted codec(vorbis) by official Stagefright
D/FFmpegExtractor(  308): ffmpeg detected media content as 'audio/vorbis' with confidence 0.08
D/WifiService(  767): New client listening to asynchronous messages
E/qdoverlay(  261): Bad ov dump:  mdp_overlay z=0 fg=0 alpha=255 mask=-1 flags=0x220000 id=-1
E/qdoverlay(  261): src msmfb_img w=736 h=1280 format=13 MDP_RGBA_8888
E/qdoverlay(  261): src_rect mdp_rect x=0 y=0 w=720 h=1280
E/qdoverlay(  261): dst_rect mdp_rect x=0 y=0 w=720 h=1280
D/ExtendedUtils(  308): extended extractor not needed, return default
D/NuPlayerDriver(  308): start(0xb490d040)
I/GenericSource(  308): start
D/BluetoothManagerService(  767): Message: 20
D/BluetoothManagerService(  767): Added callback: android.bluetooth.IBluetoothManagerCallback$Stub$Proxy@2f107a86:true
W/Utils   (  308): bool android::canOffloadStream(const android::sp<android::MetaData>&, bool, const android::sp<android::MetaData>&, bool, audio_stream_type_t) No sample bit depth info in meta data
E/AudioPolicyManager(  308): isOffloadSupported: stream_type != MUSIC, returning false
E/qdoverlay(  261): Bad ov dump:  mdp_overlay z=0 fg=0 alpha=255 mask=-1 flags=0x220000 id=-1
E/qdoverlay(  261): src msmfb_img w=736 h=1280 format=13 MDP_RGBA_8888
E/qdoverlay(  261): src_rect mdp_rect x=0 y=0 w=720 h=1280
E/qdoverlay(  261): dst_rect mdp_rect x=0 y=0 w=720 h=1280
D/NuPlayerDriver(  308): reset(0xb490d040)
D/BluetoothAdapter( 1230): 749887142: getState() :  mService = null. Returning STATE_OFF
D/NuPlayerDriver(  308): notifyResetComplete(0xb490d040)
D/BluetoothManagerService(  767): Message: 30
D/BluetoothManagerService(  767): Message: 30
E/qdoverlay(  261): Bad ov dump:  mdp_overlay z=0 fg=0 alpha=255 mask=-1 flags=0x220000 id=-1
E/qdoverlay(  261): src msmfb_img w=736 h=1280 format=13 MDP_RGBA_8888
E/qdoverlay(  261): src_rect mdp_rect x=0 y=0 w=720 h=1280
E/qdoverlay(  261): dst_rect mdp_rect x=0 y=0 w=720 h=1280
D/LocalBluetoothProfileManager( 1230): Adding local MAP profile
D/BluetoothMap( 1230): Create BluetoothMap proxy object
D/BluetoothManagerService(  767): Message: 30
D/BluetoothManagerService(  767): Message: 30
D/LocalBluetoothProfileManager( 1230): LocalBluetoothProfileManager construction complete
D/BluetoothAdapter( 1230): 749887142: getState() :  mService = null. Returning STATE_OFF
D/BluetoothAdapter( 1230): 749887142: getState() :  mService = null. Returning STATE_OFF
E/qdoverlay(  261): Bad ov dump:  mdp_overlay z=0 fg=0 alpha=255 mask=-1 flags=0x220000 id=-1
E/qdoverlay(  261): src msmfb_img w=736 h=1280 format=13 MDP_RGBA_8888
E/qdoverlay(  261): src_rect mdp_rect x=0 y=0 w=720 h=1280
E/qdoverlay(  261): dst_rect mdp_rect x=0 y=0 w=720 h=1280
E/AppsCustomizePagedView( 1120): Create Res Apk Failed
W/Settings(  877): Setting airplane_mode_on has moved from android.provider.Settings.System to android.provider.Settings.Global, returning read-only value.
E/qdoverlay(  261): Bad ov dump:  mdp_overlay z=0 fg=0 alpha=255 mask=-1 flags=0x220000 id=-1
E/qdoverlay(  261): src msmfb_img w=736 h=1280 format=13 MDP_RGBA_8888
E/qdoverlay(  261): src_rect mdp_rect x=0 y=0 w=720 h=1280
E/qdoverlay(  261): dst_rect mdp_rect x=0 y=0 w=720 h=1280
D/WifiService(  767): New client listening to asynchronous messages
D/BluetoothManagerService(  767): Message: 20
D/BluetoothManagerService(  767): Added callback: android.bluetooth.IBluetoothManagerCallback$Stub$Proxy@8316c:true
D/BluetoothAdapter(  877): 732090062: getState() :  mService = null. Returning STATE_OFF
D/BluetoothAdapter(  877): 732090062: getState() :  mService = null. Returning STATE_OFF
D/ConnectivityService(  767): listenForNetwork for NetworkRequest [ id=2, legacyType=-1, [] ]
E/qdoverlay(  261): Bad ov dump:  mdp_overlay z=0 fg=0 alpha=255 mask=-1 flags=0x220000 id=-1
E/qdoverlay(  261): src msmfb_img w=736 h=1280 format=13 MDP_RGBA_8888
E/qdoverlay(  261): src_rect mdp_rect x=0 y=0 w=720 h=1280
E/qdoverlay(  261): dst_rect mdp_rect x=0 y=0 w=720 h=1280
E/qdoverlay(  261): Bad ov dump:  mdp_overlay z=0 fg=0 alpha=255 mask=-1 flags=0x220000 id=-1
E/qdoverlay(  261): src msmfb_img w=736 h=1280 format=13 MDP_RGBA_8888
E/qdoverlay(  261): src_rect mdp_rect x=0 y=0 w=720 h=1280
E/qdoverlay(  261): dst_rect mdp_rect x=0 y=0 w=720 h=1280
I/ActivityManager(  767): Start proc com.android.externalstorage for broadcast com.android.externalstorage/.MountReceiver: pid=1397 uid=10009 gids={50009, 9997, 1028, 1015, 1023} abi=armeabi-v7a
E/qdoverlay(  261): Bad ov dump:  mdp_overlay z=0 fg=0 alpha=255 mask=-1 flags=0x220000 id=-1
E/qdoverlay(  261): src msmfb_img w=736 h=1280 format=13 MDP_RGBA_8888
E/qdoverlay(  261): src_rect mdp_rect x=0 y=0 w=720 h=1280
E/qdoverlay(  261): dst_rect mdp_rect x=0 y=0 w=720 h=1280
D/Launcher.Model( 1120): 11683562 - loadWorkspace()
D/Launcher.Model( 1120): 11683562 -   loadedOldDb: false
D/StatusBar.MSimNetworkController(  877): registerPhoneStateListener: 2
W/Launcher( 1120): setApplicationContext called twice! old=com.android.launcher3.LauncherApplication@15af6001 new=com.android.launcher3.LauncherApplication@15af6001
E/qdoverlay(  261): Bad ov dump:  mdp_overlay z=0 fg=0 alpha=255 mask=-1 flags=0x220000 id=-1
E/qdoverlay(  261): src msmfb_img w=736 h=1280 format=13 MDP_RGBA_8888
E/qdoverlay(  261): src_rect mdp_rect x=0 y=0 w=720 h=1280
E/qdoverlay(  261): dst_rect mdp_rect x=0 y=0 w=720 h=1280
D/StatusBar.MSimNetworkController(  877): registerPhoneStateListener numPhones: 2
D/StatusBar.MSimNetworkController(  877): getPhoneId phoneId: -1000
D/MSimSignalClusterView(  877): MSimNetworkController=com.android.systemui.statusbar.policy.MSimNetworkControllerImpl@272dce0b
D/MSimSignalClusterView(  877): MSimNetworkController=com.android.systemui.statusbar.policy.MSimNetworkControllerImpl@272dce0b
I/CameraService(  308): getCameraCharacteristics: Switching to HAL1 shim implementation...
E/qdoverlay(  261): Bad ov dump:  mdp_overlay z=0 fg=0 alpha=255 mask=-1 flags=0x220000 id=-1
E/qdoverlay(  261): src msmfb_img w=736 h=1280 format=13 MDP_RGBA_8888
E/qdoverlay(  261): src_rect mdp_rect x=0 y=0 w=720 h=1280
E/qdoverlay(  261): dst_rect mdp_rect x=0 y=0 w=720 h=1280
I/FFmpegExtractor(  308): android-source:0xb452c060
I/FFMPEG  (  308): Input #0, ogg, from 'android-source:0xb452c060':
I/FFMPEG  (  308):   Duration: 00:00:00.42, start: 0.000000, bitrate: 113 kb/s
I/FFMPEG  (  308):     Stream #0:0: Audio: vorbis, 48000 Hz, mono, fltp, 48 kb/s
I/FFMPEG  (  308):     Metadata:
I/FFMPEG  (  308):       TITLE           : Camera Shutter
I/FFMPEG  (  308):       ARTIST          : (c) 2012 Android Open Source Project
D/FFmpegExtractor(  308): FFmpegExtrator, url: android-source:0xb452c060, format_name: ogg, format_long_name: Ogg
I/FFmpegExtractor(  308): adjust mime(application/ogg -> audio/vorbis)
D/FFmpegExtractor(  308): suppoted codec(vorbis) by official Stagefright
D/FFmpegExtractor(  308): ffmpeg detected media content as 'audio/vorbis' with confidence 0.08
E/Diag_Lib(  321): qmi_client [321]: unable to connect to server, errno=[2:No such file or directory], attempt=13
W/Searchables(  767): No global search activity found
E/qdoverlay(  261): Bad ov dump:  mdp_overlay z=0 fg=0 alpha=255 mask=-1 flags=0x220000 id=-1
E/qdoverlay(  261): src msmfb_img w=736 h=1280 format=13 MDP_RGBA_8888
E/qdoverlay(  261): src_rect mdp_rect x=0 y=0 w=720 h=1280
E/qdoverlay(  261): dst_rect mdp_rect x=0 y=0 w=720 h=1280
D/ExtendedUtils(  308): extended extractor not needed, return default
I/FFmpegExtractor(  308): android-source:0xb31bb060
E/qdoverlay(  261): Bad ov dump:  mdp_overlay z=0 fg=0 alpha=255 mask=-1 flags=0x220000 id=-1
E/qdoverlay(  261): src msmfb_img w=736 h=1280 format=13 MDP_RGBA_8888
E/qdoverlay(  261): src_rect mdp_rect x=0 y=0 w=720 h=1280
E/qdoverlay(  261): dst_rect mdp_rect x=0 y=0 w=720 h=1280
I/FFMPEG  (  308): Input #0, ogg, from 'android-source:0xb31bb060':
I/FFMPEG  (  308):   Duration: 00:00:00.54, start: 0.000000, bitrate: 95 kb/s
I/FFMPEG  (  308):     Stream #0:0: Audio: vorbis, 48000 Hz, mono, fltp, 48 kb/s
I/FFMPEG  (  308):     Metadata:
I/FFMPEG  (  308):       TITLE           : Video Record
D/OpenGLRenderer( 1120): Render dirty regions requested: true
I/FFMPEG  (  308):       ARTIST          : (c) 2012 Android Open Source Project
D/FFmpegExtractor(  308): FFmpegExtrator, url: android-source:0xb31bb060, format_name: ogg, format_long_name: Ogg
I/FFmpegExtractor(  308): adjust mime(application/ogg -> audio/vorbis)
D/FFmpegExtractor(  308): suppoted codec(vorbis) by official Stagefright
D/FFmpegExtractor(  308): ffmpeg detected media content as 'audio/vorbis' with confidence 0.08
D/Atlas   ( 1120): Validating map...
D/ExtendedUtils(  308): extended extractor not needed, return default
I/CameraClient(  308): Opening camera 0
D/QCameraStateMachine(  308): static void* qcamera::QCameraStateMachine::smEvtProcRoutine(void*): E
E/MotISP_GPU(  308): int MotISP_GPU::Init(int, int): GPU resolution: 1920x1080
E/QCamera2HWI(  308): [KPI Perf] int qcamera::QCamera2HardwareInterface::openCamera(hw_device_t**): E PROFILE_OPEN_CAMERA camera id 0
I/QCameraHalWatchdog(  308): Starting Watchdog Thread...
E/mm-camera-intf(  308): mm_camera_open: dev name = /dev/video1, cam_idx = 1
D/QCamera2HWI(  308): static void* qcamera::QCamera2HardwareInterface::defferedWorkRoutine(void*): start data proc
E/mm-camera-intf(  308): mm_camera_open:  opened, break out while loop
E/mm-camera-intf(  308): mm_camera_open: cannot open control fd of '/dev/video1' (No such device)
E/mm-camera-intf(  308): camera_open: mm_camera_open err = -1
E/QCamera2HWI(  308): camera_open failed.
I/QCameraHalWatchdog(  308): Stopped Watchdog Thread...
D/QCamera2HWI(  308): static void* qcamera::QCamera2HardwareInterface::defferedWorkRoutine(void*): stop data proc
D/libEGL  (  308): loaded /vendor/lib/egl/libEGL_adreno.so
D/libEGL  (  308): loaded /vendor/lib/egl/libGLESv1_CM_adreno.so
E/qdoverlay(  261): Bad ov dump:  mdp_overlay z=0 fg=0 alpha=255 mask=-1 flags=0x220000 id=-1
E/qdoverlay(  261): src msmfb_img w=736 h=1280 format=13 MDP_RGBA_8888
E/qdoverlay(  261): src_rect mdp_rect x=0 y=0 w=720 h=1280
E/qdoverlay(  261): dst_rect mdp_rect x=0 y=0 w=720 h=1280
E/qdoverlay(  261): Bad ov dump:  mdp_overlay z=0 fg=0 alpha=255 mask=-1 flags=0x220000 id=-1
E/qdoverlay(  261): src msmfb_img w=736 h=1280 format=13 MDP_RGBA_8888
E/qdoverlay(  261): src_rect mdp_rect x=0 y=0 w=720 h=1280
E/qdoverlay(  261): dst_rect mdp_rect x=0 y=0 w=720 h=1280
D/libEGL  (  308): loaded /vendor/lib/egl/libGLESv2_adreno.so
D/ExternalStorage( 1397): After updating volumes, found 2 active roots
D/ExternalStorage( 1397): After updating volumes, found 2 active roots
D/Launcher.Model( 1120): 11683562 - loadWorkspaceScreensDb()
D/Launcher.Model( 1120): 11683562 -   screens: { 0: 1 }, { 1: 2 }, { 2: 3 }
D/Launcher.Model( 1120): 11683562 -   sBgWorkspaceScreens: 1, 2, 3
I/Adreno-EGL(  308): <qeglDrvAPI_eglInitialize:410>: EGL 1.4 QUALCOMM build: RGURRAM_AU_LINUX_ANDROID_LNX.LA.3.5.1_RB1.04.04.02.048.056+PATCH[ES]_msm8226_LNX.LA.3.5.1_RB1__release_ENGG ()
I/Adreno-EGL(  308): OpenGL ES Shader Compiler Version: E031.24.00.15
I/Adreno-EGL(  308): Build Date: 05/27/14 Tue
I/Adreno-EGL(  308): Local Branch: 
I/Adreno-EGL(  308): Remote Branch: quic/LNX.LA.3.5.1_RB1.2
I/Adreno-EGL(  308): Local Patches: f0931b5dfb60c536e5444f9053822ad191929528 ES2.0: Fix for seg fault in VBO validation
I/Adreno-EGL(  308):                  0c6f7c995c347b2eb54a9baa340cab69ba279634 es20: Remove extra-logging info
I/Adreno-EGL(  308): Reconstruct Branch: AU_LINUX_ANDROID_LNX.LA.3.5.1_RB1.04.04
D/MediaScannerReceiver(  885): action: android.intent.action.MEDIA_MOUNTED path: /storage/sdcard1
E/qdoverlay(  261): Bad ov dump:  mdp_overlay z=0 fg=0 alpha=255 mask=-1 flags=0x220000 id=-1
E/qdoverlay(  261): src msmfb_img w=736 h=1280 format=13 MDP_RGBA_8888
E/qdoverlay(  261): src_rect mdp_rect x=0 y=0 w=720 h=1280
E/qdoverlay(  261): dst_rect mdp_rect x=0 y=0 w=720 h=1280
E/Diag_Lib(  767): qmi_client [767]: unable to connect to server, errno=[2:No such file or directory], attempt=3
D/BluetoothAdapter( 1230): 749887142: getState() :  mService = null. Returning STATE_OFF
E/qdoverlay(  261): Bad ov dump:  mdp_overlay z=0 fg=0 alpha=255 mask=-1 flags=0x220000 id=-1
E/qdoverlay(  261): src msmfb_img w=736 h=1280 format=13 MDP_RGBA_8888
E/qdoverlay(  261): src_rect mdp_rect x=0 y=0 w=720 h=1280
E/qdoverlay(  261): dst_rect mdp_rect x=0 y=0 w=720 h=1280
I/Adreno-EGL( 1120): <qeglDrvAPI_eglInitialize:410>: EGL 1.4 QUALCOMM build: RGURRAM_AU_LINUX_ANDROID_LNX.LA.3.5.1_RB1.04.04.02.048.056+PATCH[ES]_msm8226_LNX.LA.3.5.1_RB1__release_ENGG ()
I/Adreno-EGL( 1120): OpenGL ES Shader Compiler Version: E031.24.00.15
I/Adreno-EGL( 1120): Build Date: 05/27/14 Tue
I/Adreno-EGL( 1120): Local Branch: 
I/Adreno-EGL( 1120): Remote Branch: quic/LNX.LA.3.5.1_RB1.2
I/Adreno-EGL( 1120): Local Patches: f0931b5dfb60c536e5444f9053822ad191929528 ES2.0: Fix for seg fault in VBO validation
I/Adreno-EGL( 1120):                  0c6f7c995c347b2eb54a9baa340cab69ba279634 es20: Remove extra-logging info
I/Adreno-EGL( 1120): Reconstruct Branch: AU_LINUX_ANDROID_LNX.LA.3.5.1_RB1.04.04
I/OpenGLRenderer( 1120): Initialized EGL, version 1.4
E/qdoverlay(  261): Bad ov dump:  mdp_overlay z=0 fg=0 alpha=255 mask=-1 flags=0x220000 id=-1
E/qdoverlay(  261): src msmfb_img w=736 h=1280 format=13 MDP_RGBA_8888
E/qdoverlay(  261): src_rect mdp_rect x=0 y=0 w=720 h=1280
E/qdoverlay(  261): dst_rect mdp_rect x=0 y=0 w=720 h=1280
I/ActivityManager(  767): Start proc com.android.deskclock for broadcast com.android.deskclock/com.android.alarmclock.AnalogAppWidgetProvider: pid=1431 uid=10028 gids={50028, 9997, 1028, 3003} abi=armeabi-v7a
E/qdoverlay(  261): Bad ov dump:  mdp_overlay z=0 fg=0 alpha=255 mask=-1 flags=0x220000 id=-1
E/qdoverlay(  261): src msmfb_img w=736 h=1280 format=13 MDP_RGBA_8888
E/qdoverlay(  261): src_rect mdp_rect x=0 y=0 w=720 h=1280
E/qdoverlay(  261): dst_rect mdp_rect x=0 y=0 w=720 h=1280
D/OpenGLRenderer( 1120): Enabling debug mode 0
D/QCameraStateMachine(  308): static void* qcamera::QCameraStateMachine::smEvtProcRoutine(void*): X
E/CameraClient(  308): Could not open camera 0: -19
E/CameraClient(  308): initialize: Camera 0: unable to initialize device: No such device (-19)
I/CameraClient(  308): Destroying camera 0
D/NuPlayerDriver(  308): reset(0xb53e7040)
D/NuPlayerDriver(  308): notifyResetComplete(0xb53e7040)
D/NuPlayerDriver(  308): reset(0xb53e7160)
D/NuPlayerDriver(  308): notifyResetComplete(0xb53e7160)
W/CameraManager(  877): Error querying camera device 0 for listing.
I/CameraService(  308): getCameraCharacteristics: Switching to HAL1 shim implementation...
E/qdoverlay(  261): Bad ov dump:  mdp_overlay z=0 fg=0 alpha=255 mask=-1 flags=0x220000 id=-1
E/qdoverlay(  261): src msmfb_img w=736 h=1280 format=13 MDP_RGBA_8888
E/qdoverlay(  261): src_rect mdp_rect x=0 y=0 w=720 h=1280
E/qdoverlay(  261): dst_rect mdp_rect x=0 y=0 w=720 h=1280
I/FFmpegExtractor(  308): android-source:0xb4571060
I/FFMPEG  (  308): Input #0, ogg, from 'android-source:0xb4571060':
I/FFMPEG  (  308):   Duration: 00:00:00.42, start: 0.000000, bitrate: 113 kb/s
I/FFMPEG  (  308):     Stream #0:0: Audio: vorbis, 48000 Hz, mono, fltp, 48 kb/s
I/FFMPEG  (  308):     Metadata:
I/FFMPEG  (  308):       TITLE           : Camera Shutter
I/FFMPEG  (  308):       ARTIST          : (c) 2012 Android Open Source Project
D/FFmpegExtractor(  308): FFmpegExtrator, url: android-source:0xb4571060, format_name: ogg, format_long_name: Ogg
I/FFmpegExtractor(  308): adjust mime(application/ogg -> audio/vorbis)
D/FFmpegExtractor(  308): suppoted codec(vorbis) by official Stagefright
D/FFmpegExtractor(  308): ffmpeg detected media content as 'audio/vorbis' with confidence 0.08
D/ExtendedUtils(  308): extended extractor not needed, return default
E/qdoverlay(  261): Bad ov dump:  mdp_overlay z=0 fg=0 alpha=255 mask=-1 flags=0x220000 id=-1
E/qdoverlay(  261): src msmfb_img w=736 h=1280 format=13 MDP_RGBA_8888
E/qdoverlay(  261): src_rect mdp_rect x=0 y=0 w=720 h=1280
E/qdoverlay(  261): dst_rect mdp_rect x=0 y=0 w=720 h=1280
I/FFmpegExtractor(  308): android-source:0xb31bb060
I/FFMPEG  (  308): Input #0, ogg, from 'android-source:0xb31bb060':
I/FFMPEG  (  308):   Duration: 00:00:00.54, start: 0.000000, bitrate: 95 kb/s
I/FFMPEG  (  308):     Stream #0:0: Audio: vorbis, 48000 Hz, mono, fltp, 48 kb/s
I/FFMPEG  (  308):     Metadata:
I/FFMPEG  (  308):       TITLE           : Video Record
I/FFMPEG  (  308):       ARTIST          : (c) 2012 Android Open Source Project
D/FFmpegExtractor(  308): FFmpegExtrator, url: android-source:0xb31bb060, format_name: ogg, format_long_name: Ogg
I/FFmpegExtractor(  308): adjust mime(application/ogg -> audio/vorbis)
D/FFmpegExtractor(  308): suppoted codec(vorbis) by official Stagefright
D/FFmpegExtractor(  308): ffmpeg detected media content as 'audio/vorbis' with confidence 0.08
D/ExtendedUtils(  308): extended extractor not needed, return default
I/CameraClient(  308): Opening camera 1
D/QCameraStateMachine(  308): static void* qcamera::QCameraStateMachine::smEvtProcRoutine(void*): E
D/QCamera2HWI(  308): static void* qcamera::QCamera2HardwareInterface::defferedWorkRoutine(void*): start data proc
E/MotISP_GPU(  308): int MotISP_GPU::Init(int, int): GPU resolution: 1920x1080
E/QCamera2HWI(  308): [KPI Perf] int qcamera::QCamera2HardwareInterface::openCamera(hw_device_t**): E PROFILE_OPEN_CAMERA camera id 1
I/QCameraHalWatchdog(  308): Starting Watchdog Thread...
E/mm-camera-intf(  308): mm_camera_open: dev name = /dev/video2, cam_idx = 2
E/mm-camera-intf(  308): mm_camera_open:  opened, break out while loop
E/mm-camera-intf(  308): mm_camera_open: cannot open control fd of '/dev/video2' (No such device)
E/mm-camera-intf(  308): camera_open: mm_camera_open err = -1
E/QCamera2HWI(  308): camera_open failed.
I/Adreno-EGL(  308): <qeglDrvAPI_eglInitialize:410>: EGL 1.4 QUALCOMM build: RGURRAM_AU_LINUX_ANDROID_LNX.LA.3.5.1_RB1.04.04.02.048.056+PATCH[ES]_msm8226_LNX.LA.3.5.1_RB1__release_ENGG ()
I/Adreno-EGL(  308): OpenGL ES Shader Compiler Version: E031.24.00.15
I/Adreno-EGL(  308): Build Date: 05/27/14 Tue
I/Adreno-EGL(  308): Local Branch: 
I/Adreno-EGL(  308): Remote Branch: quic/LNX.LA.3.5.1_RB1.2
I/Adreno-EGL(  308): Local Patches: f0931b5dfb60c536e5444f9053822ad191929528 ES2.0: Fix for seg fault in VBO validation
I/Adreno-EGL(  308):                  0c6f7c995c347b2eb54a9baa340cab69ba279634 es20: Remove extra-logging info
I/Adreno-EGL(  308): Reconstruct Branch: AU_LINUX_ANDROID_LNX.LA.3.5.1_RB1.04.04
E/qdoverlay(  261): Bad ov dump:  mdp_overlay z=0 fg=0 alpha=255 mask=-1 flags=0x220000 id=-1
E/qdoverlay(  261): src msmfb_img w=736 h=1280 format=13 MDP_RGBA_8888
E/qdoverlay(  261): src_rect mdp_rect x=0 y=0 w=720 h=1280
E/qdoverlay(  261): dst_rect mdp_rect x=0 y=0 w=720 h=1280
I/QCameraHalWatchdog(  308): Stopped Watchdog Thread...
D/QCamera2HWI(  308): static void* qcamera::QCamera2HardwareInterface::defferedWorkRoutine(void*): stop data proc
E/qdoverlay(  261): Bad ov dump:  mdp_overlay z=0 fg=0 alpha=255 mask=-1 flags=0x220000 id=-1
E/qdoverlay(  261): src msmfb_img w=736 h=1280 format=13 MDP_RGBA_8888
E/qdoverlay(  261): src_rect mdp_rect x=0 y=0 w=720 h=1280
E/qdoverlay(  261): dst_rect mdp_rect x=0 y=0 w=720 h=1280
D/QCameraStateMachine(  308): static void* qcamera::QCameraStateMachine::smEvtProcRoutine(void*): X
E/CameraClient(  308): Could not open camera 1: -19
E/CameraClient(  308): initialize: Camera 1: unable to initialize device: No such device (-19)
I/CameraClient(  308): Destroying camera 1
D/NuPlayerDriver(  308): reset(0xb490d040)
E/qdoverlay(  261): Bad ov dump:  mdp_overlay z=0 fg=0 alpha=255 mask=-1 flags=0x220000 id=-1
E/qdoverlay(  261): src msmfb_img w=736 h=1280 format=13 MDP_RGBA_8888
E/qdoverlay(  261): src_rect mdp_rect x=0 y=0 w=720 h=1280
D/NuPlayerDriver(  308): notifyResetComplete(0xb490d040)
E/qdoverlay(  261): dst_rect mdp_rect x=0 y=0 w=720 h=1280
D/NuPlayerDriver(  308): reset(0xb490d1c0)
D/NuPlayerDriver(  308): notifyResetComplete(0xb490d1c0)
W/CameraManager(  877): Error querying camera device 1 for listing.
E/qdoverlay(  261): Bad ov dump:  mdp_overlay z=0 fg=0 alpha=255 mask=-1 flags=0x220000 id=-1
E/qdoverlay(  261): src msmfb_img w=736 h=1280 format=13 MDP_RGBA_8888
E/qdoverlay(  261): src_rect mdp_rect x=0 y=0 w=720 h=1280
E/qdoverlay(  261): dst_rect mdp_rect x=0 y=0 w=720 h=1280
E/qdoverlay(  261): Bad ov dump:  mdp_overlay z=0 fg=0 alpha=255 mask=-1 flags=0x220000 id=-1
E/qdoverlay(  261): src msmfb_img w=736 h=1280 format=13 MDP_RGBA_8888
E/qdoverlay(  261): src_rect mdp_rect x=0 y=0 w=720 h=1280
E/qdoverlay(  261): dst_rect mdp_rect x=0 y=0 w=720 h=1280
I/ActivityManager(  767): Displayed com.cyanogenmod.trebuchet/com.android.launcher3.Launcher: +2s6ms
I/Timeline(  767): Timeline: Activity_windows_visible id: ActivityRecord{19baf960 u0 com.cyanogenmod.trebuchet/com.android.launcher3.Launcher t1} time:18702
D/BluetoothAdapter(  877): 732090062: getState() :  mService = null. Returning STATE_OFF
D/BluetoothAdapter(  877): 732090062: getState() :  mService = null. Returning STATE_OFF
D/BluetoothAdapter(  877): 732090062: getState() :  mService = null. Returning STATE_OFF
D/BluetoothAdapter(  877): 732090062: getState() :  mService = null. Returning STATE_OFF
E/qdoverlay(  261): Bad ov dump:  mdp_overlay z=0 fg=0 alpha=255 mask=-1 flags=0x220000 id=-1
E/qdoverlay(  261): src msmfb_img w=736 h=1280 format=13 MDP_RGBA_8888
E/qdoverlay(  261): src_rect mdp_rect x=0 y=0 w=720 h=1280
E/qdoverlay(  261): dst_rect mdp_rect x=0 y=0 w=720 h=1280
D/Launcher( 1120): 11683562 - bindAddScreens()
D/Launcher( 1120): 11683562 -   orderedScreenIds: 1, 2, 3
D/Launcher.Workspace( 1120): 11683562 - insertNewWorkspaceScreen(): 1 at index: 0
E/qdoverlay(  261): Bad ov dump:  mdp_overlay z=0 fg=0 alpha=255 mask=-1 flags=0x220000 id=-1
E/qdoverlay(  261): src msmfb_img w=736 h=1280 format=13 MDP_RGBA_8888
E/qdoverlay(  261): src_rect mdp_rect x=0 y=0 w=720 h=1280
E/qdoverlay(  261): dst_rect mdp_rect x=0 y=0 w=720 h=1280
E/qdoverlay(  261): Bad ov dump:  mdp_overlay z=0 fg=0 alpha=255 mask=-1 flags=0x220000 id=-1
E/qdoverlay(  261): src msmfb_img w=736 h=1280 format=13 MDP_RGBA_8888
E/qdoverlay(  261): src_rect mdp_rect x=0 y=0 w=720 h=1280
E/qdoverlay(  261): dst_rect mdp_rect x=0 y=0 w=720 h=1280
E/qdoverlay(  261): Bad ov dump:  mdp_overlay z=0 fg=0 alpha=255 mask=-1 flags=0x220000 id=-1
E/qdoverlay(  261): src msmfb_img w=736 h=1280 format=13 MDP_RGBA_8888
E/qdoverlay(  261): src_rect mdp_rect x=0 y=0 w=720 h=1280
E/qdoverlay(  261): dst_rect mdp_rect x=0 y=0 w=720 h=1280
I/ActivityManager(  767): Start proc com.cyanogenmod.eleven for broadcast com.cyanogenmod.eleven/.MediaButtonIntentReceiver: pid=1462 uid=10030 gids={50030, 9997, 1028, 1015, 3003} abi=armeabi-v7a
D/Launcher.Workspace( 1120): 11683562 - insertNewWorkspaceScreen(): 2 at index: 1
D/Launcher.Workspace( 1120): 11683562 - insertNewWorkspaceScreen(): 3 at index: 2
E/qdoverlay(  261): Bad ov dump:  mdp_overlay z=0 fg=0 alpha=255 mask=-1 flags=0x220000 id=-1
E/qdoverlay(  261): src msmfb_img w=736 h=1280 format=13 MDP_RGBA_8888
E/qdoverlay(  261): src_rect mdp_rect x=0 y=0 w=720 h=1280
E/qdoverlay(  261): dst_rect mdp_rect x=0 y=0 w=720 h=1280
D/OpenGLRenderer(  877): Render dirty regions requested: true
D/Atlas   (  877): Validating map...
D/PhoneStatusBar(  877): disable: < expand icons alerts system_info back home recent clock search >
E/qdoverlay(  261): Bad ov dump:  mdp_overlay z=0 fg=0 alpha=255 mask=-1 flags=0x220000 id=-1
E/qdoverlay(  261): src msmfb_img w=736 h=1280 format=13 MDP_RGBA_8888
E/qdoverlay(  261): src_rect mdp_rect x=0 y=0 w=720 h=1280
E/qdoverlay(  261): dst_rect mdp_rect x=0 y=0 w=720 h=1280
I/ActivityManager(  767): Process android.process.acore (pid 1176) has died
E/qdoverlay(  261): Bad ov dump:  mdp_overlay z=0 fg=0 alpha=255 mask=-1 flags=0x220000 id=-1
E/qdoverlay(  261): src msmfb_img w=736 h=1280 format=13 MDP_RGBA_8888
E/qdoverlay(  261): src_rect mdp_rect x=0 y=0 w=720 h=1280
E/qdoverlay(  261): dst_rect mdp_rect x=0 y=0 w=720 h=1280
I/ActivityManager(  767): Start proc android.process.acore for content provider com.android.providers.contacts/.ContactsProvider2: pid=1497 uid=10005 gids={50005, 9997, 3003, 1028, 1015} abi=armeabi-v7a
E/qdoverlay(  261): Bad ov dump:  mdp_overlay z=0 fg=0 alpha=255 mask=-1 flags=0x220000 id=-1
E/qdoverlay(  261): src msmfb_img w=736 h=1280 format=13 MDP_RGBA_8888
E/qdoverlay(  261): src_rect mdp_rect x=0 y=0 w=720 h=1280
E/qdoverlay(  261): dst_rect mdp_rect x=0 y=0 w=720 h=1280
E/qdoverlay(  261): Bad ov dump:  mdp_overlay z=0 fg=0 alpha=255 mask=-1 flags=0x220000 id=-1
E/qdoverlay(  261): src msmfb_img w=736 h=1280 format=13 MDP_RGBA_8888
E/qdoverlay(  261): src_rect mdp_rect x=0 y=0 w=720 h=1280
E/qdoverlay(  261): dst_rect mdp_rect x=0 y=0 w=720 h=1280
D/BluetoothAdapter(  877): 732090062: getState() :  mService = null. Returning STATE_OFF
D/BluetoothAdapter(  877): 732090062: getState() :  mService = null. Returning STATE_OFF
D/PhoneStatusBar(  877): heads up is enabled
I/Choreographer(  877): Skipped 114 frames!  The application may be doing too much work on its main thread.
I/Timeline( 1120): Timeline: Activity_idle id: android.os.BinderProxy@272dcf6d time:19011
E/qdoverlay(  261): Bad ov dump:  mdp_overlay z=0 fg=0 alpha=255 mask=-1 flags=0x220000 id=-1
E/qdoverlay(  261): src msmfb_img w=736 h=1280 format=13 MDP_RGBA_8888
E/qdoverlay(  261): src_rect mdp_rect x=0 y=0 w=720 h=1280
E/qdoverlay(  261): dst_rect mdp_rect x=0 y=0 w=720 h=1280
V/KeyguardServiceDelegate(  767): *** Keyguard started
W/KeyguardServiceDelegate(  767): onScreenTurnedOn(): no keyguard service!
D/bsthal  (  767): setDelay, handle: 1598182229 delay: 66667000
E/bsthal  (  767): <BST> set delay: 66667000ns
I/bsthal  (  767): <BST> set delay of <BOSCH BMC150 Acceleration Sensor> to 66ms
D/bsthal  (  767): setDelay, handle: 1598182229 delay: 66667000
E/bsthal  (  767): <BST> set delay: 66667000ns
I/bsthal  (  767): <BST> set delay of <BOSCH BMC150 Acceleration Sensor> to 66ms
D/ViewRootImpl(  877): changeCanvasOpacity: opaque=true
D/MSimSignalClusterView(  877): wifi: GONE sig=0 act=0
D/MSimSignalClusterView(  877): mobile[0]: VISIBLE sig=0 type=0
D/MSimSignalClusterView(  877): wifi: GONE sig=0 act=0
D/MSimSignalClusterView(  877): mobile[1]: VISIBLE sig=0 type=0
E/qdoverlay(  261): Bad ov dump:  mdp_overlay z=0 fg=0 alpha=255 mask=-1 flags=0x220000 id=-1
E/qdoverlay(  261): src msmfb_img w=736 h=1280 format=13 MDP_RGBA_8888
E/qdoverlay(  261): src_rect mdp_rect x=0 y=0 w=720 h=1280
E/qdoverlay(  261): dst_rect mdp_rect x=0 y=0 w=720 h=1280
W/Settings(  877): Setting airplane_mode_on has moved from android.provider.Settings.System to android.provider.Settings.Global, returning read-only value.
E/qdoverlay(  261): Bad ov dump:  mdp_overlay z=0 fg=0 alpha=255 mask=-1 flags=0x220000 id=-1
E/qdoverlay(  261): src msmfb_img w=736 h=1280 format=13 MDP_RGBA_8888
E/qdoverlay(  261): src_rect mdp_rect x=0 y=0 w=720 h=1280
E/qdoverlay(  261): dst_rect mdp_rect x=0 y=0 w=720 h=1280
D/MSimSignalClusterView(  877): wifi: GONE sig=0 act=0
D/MSimSignalClusterView(  877): mobile[0]: VISIBLE sig=0 type=0
D/MSimSignalClusterView(  877): wifi: GONE sig=0 act=0
D/MSimSignalClusterView(  877): mobile[1]: VISIBLE sig=0 type=0
W/Settings(  877): Setting airplane_mode_on has moved from android.provider.Settings.System to android.provider.Settings.Global, returning read-only value.
E/qdoverlay(  261): Bad ov dump:  mdp_overlay z=0 fg=0 alpha=255 mask=-1 flags=0x220000 id=-1
E/qdoverlay(  261): src msmfb_img w=736 h=1280 format=13 MDP_RGBA_8888
E/qdoverlay(  261): src_rect mdp_rect x=0 y=0 w=720 h=1280
E/qdoverlay(  261): dst_rect mdp_rect x=0 y=0 w=720 h=1280
E/qdoverlay(  261): Bad ov dump:  mdp_overlay z=0 fg=0 alpha=255 mask=-1 flags=0x220000 id=-1
E/qdoverlay(  261): src msmfb_img w=736 h=1280 format=13 MDP_RGBA_8888
E/qdoverlay(  261): src_rect mdp_rect x=0 y=0 w=720 h=1280
E/qdoverlay(  261): dst_rect mdp_rect x=0 y=0 w=720 h=1280
I/Adreno-EGL(  877): <qeglDrvAPI_eglInitialize:410>: EGL 1.4 QUALCOMM build: RGURRAM_AU_LINUX_ANDROID_LNX.LA.3.5.1_RB1.04.04.02.048.056+PATCH[ES]_msm8226_LNX.LA.3.5.1_RB1__release_ENGG ()
I/Adreno-EGL(  877): OpenGL ES Shader Compiler Version: E031.24.00.15
I/Adreno-EGL(  877): Build Date: 05/27/14 Tue
I/Adreno-EGL(  877): Local Branch: 
I/Adreno-EGL(  877): Remote Branch: quic/LNX.LA.3.5.1_RB1.2
I/Adreno-EGL(  877): Local Patches: f0931b5dfb60c536e5444f9053822ad191929528 ES2.0: Fix for seg fault in VBO validation
I/Adreno-EGL(  877):                  0c6f7c995c347b2eb54a9baa340cab69ba279634 es20: Remove extra-logging info
I/Adreno-EGL(  877): Reconstruct Branch: AU_LINUX_ANDROID_LNX.LA.3.5.1_RB1.04.04
I/OpenGLRenderer(  877): Initialized EGL, version 1.4
E/qdoverlay(  261): Bad ov dump:  mdp_overlay z=0 fg=0 alpha=255 mask=-1 flags=0x220000 id=-1
E/qdoverlay(  261): src msmfb_img w=736 h=1280 format=13 MDP_RGBA_8888
E/qdoverlay(  261): src_rect mdp_rect x=0 y=0 w=720 h=1280
E/qdoverlay(  261): dst_rect mdp_rect x=0 y=0 w=720 h=1280
D/OpenGLRenderer(  877): Enabling debug mode 0
E/qdoverlay(  261): Bad ov dump:  mdp_overlay z=0 fg=0 alpha=255 mask=-1 flags=0x220000 id=-1
E/qdoverlay(  261): src msmfb_img w=736 h=1280 format=13 MDP_RGBA_8888
E/qdoverlay(  261): src_rect mdp_rect x=0 y=0 w=720 h=1280
E/qdoverlay(  261): dst_rect mdp_rect x=0 y=0 w=720 h=1280
E/qdoverlay(  261): Bad ov dump:  mdp_overlay z=0 fg=0 alpha=255 mask=-1 flags=0x220000 id=-1
E/qdoverlay(  261): src msmfb_img w=736 h=1280 format=13 MDP_RGBA_8888
E/qdoverlay(  261): src_rect mdp_rect x=0 y=0 w=720 h=1280
E/qdoverlay(  261): dst_rect mdp_rect x=0 y=0 w=720 h=1280
W/ResourcesManager( 1120): Asset path '/system/framework/org.cyanogenmod.hardware.jar' does not exist or contains no resources.
E/qdoverlay(  261): Bad ov dump:  mdp_overlay z=0 fg=0 alpha=255 mask=-1 flags=0x220000 id=-1
E/qdoverlay(  261): src msmfb_img w=736 h=1280 format=13 MDP_RGBA_8888
E/qdoverlay(  261): src_rect mdp_rect x=0 y=0 w=720 h=1280
E/qdoverlay(  261): dst_rect mdp_rect x=0 y=0 w=720 h=1280
E/qdoverlay(  261): Bad ov dump:  mdp_overlay z=0 fg=0 alpha=255 mask=-1 flags=0x220000 id=-1
E/qdoverlay(  261): src msmfb_img w=736 h=1280 format=13 MDP_RGBA_8888
E/qdoverlay(  261): src_rect mdp_rect x=0 y=0 w=720 h=1280
E/qdoverlay(  261): dst_rect mdp_rect x=0 y=0 w=720 h=1280
I/ActivityManager(  767): Start proc com.cyanogenmod.eleven:main for service com.cyanogenmod.eleven/.MusicPlaybackService: pid=1544 uid=10030 gids={50030, 9997, 1028, 1015, 3003} abi=armeabi-v7a
E/qdoverlay(  261): Bad ov dump:  mdp_overlay z=0 fg=0 alpha=255 mask=-1 flags=0x220000 id=-1
E/qdoverlay(  261): src msmfb_img w=736 h=1280 format=13 MDP_RGBA_8888
E/qdoverlay(  261): src_rect mdp_rect x=0 y=0 w=720 h=1280
E/qdoverlay(  261): dst_rect mdp_rect x=0 y=0 w=720 h=1280
I/Timeline(  767): Timeline: Activity_windows_visible id: ActivityRecord{19baf960 u0 com.cyanogenmod.trebuchet/com.android.launcher3.Launcher t1} time:19231
E/qdoverlay(  261): Bad ov dump:  mdp_overlay z=0 fg=0 alpha=255 mask=-1 flags=0x220000 id=-1
E/qdoverlay(  261): src msmfb_img w=736 h=1280 format=13 MDP_RGBA_8888
E/qdoverlay(  261): src_rect mdp_rect x=0 y=0 w=720 h=1280
E/qdoverlay(  261): dst_rect mdp_rect x=0 y=0 w=720 h=1280
E/qdoverlay(  261): Bad ov dump:  mdp_overlay z=0 fg=0 alpha=255 mask=-1 flags=0x220000 id=-1
E/qdoverlay(  261): src msmfb_img w=736 h=1280 format=13 MDP_RGBA_8888
E/qdoverlay(  261): src_rect mdp_rect x=0 y=0 w=720 h=1280
E/qdoverlay(  261): dst_rect mdp_rect x=0 y=0 w=720 h=1280
E/qdoverlay(  261): Bad ov dump:  mdp_overlay z=0 fg=0 alpha=255 mask=-1 flags=0x220000 id=-1
E/qdoverlay(  261): src msmfb_img w=736 h=1280 format=13 MDP_RGBA_8888
E/qdoverlay(  261): src_rect mdp_rect x=0 y=0 w=720 h=1280
E/qdoverlay(  261): dst_rect mdp_rect x=0 y=0 w=720 h=1280
E/qdoverlay(  261): Bad ov dump:  mdp_overlay z=0 fg=0 alpha=255 mask=-1 flags=0x220000 id=-1
E/qdoverlay(  261): src msmfb_img w=736 h=1280 format=13 MDP_RGBA_8888
E/qdoverlay(  261): src_rect mdp_rect x=0 y=0 w=720 h=1280
E/qdoverlay(  261): dst_rect mdp_rect x=0 y=0 w=720 h=1280
E/Diag_Lib(  321): qmi_client [321]: unable to connect to server, errno=[2:No such file or directory], attempt=14
I/ContactLocale( 1497): AddressBook Labels [en-US]: [, A, B, C, D, E, F, G, H, I, J, K, L, M, N, O, P, Q, R, S, T, U, V, W, X, Y, Z, , , , , , , , , , , , , , , , , , , , , , , , , , , , , , , , , , , , , , , , , , , , , , , , , , , , , , , , , , , , , , , , , , , , , , , , , , , , , , , , , , , , , , , , , , , , , , , , , , , , , , , , , , , , , , , , , , , , , , , , , , , , , , , , , , , , , , , , , , , , , , , , , , , , , , , , , , , , , , , , , , , , , , , , , , , , , , , , , , , , , , , , , , , , #, ]
E/qdoverlay(  261): Bad ov dump:  mdp_overlay z=0 fg=0 alpha=255 mask=-1 flags=0x220000 id=-1
E/qdoverlay(  261): src msmfb_img w=736 h=1280 format=13 MDP_RGBA_8888
E/qdoverlay(  261): src_rect mdp_rect x=0 y=0 w=720 h=1280
E/qdoverlay(  261): dst_rect mdp_rect x=0 y=0 w=720 h=1280
I/art     (  767): Explicit concurrent mark sweep GC freed 7908(698KB) AllocSpace objects, 11(663KB) LOS objects, 33% free, 13MB/19MB, paused 1.807ms total 138.886ms
E/qdoverlay(  261): Bad ov dump:  mdp_overlay z=0 fg=0 alpha=255 mask=-1 flags=0x220000 id=-1
E/qdoverlay(  261): src msmfb_img w=736 h=1280 format=13 MDP_RGBA_8888
E/qdoverlay(  261): src_rect mdp_rect x=0 y=0 w=720 h=1280
E/qdoverlay(  261): dst_rect mdp_rect x=0 y=0 w=720 h=1280
E/qdoverlay(  261): Bad ov dump:  mdp_overlay z=0 fg=0 alpha=255 mask=-1 flags=0x220000 id=-1
E/qdoverlay(  261): src msmfb_img w=736 h=1280 format=13 MDP_RGBA_8888
E/qdoverlay(  261): src_rect mdp_rect x=0 y=0 w=720 h=1280
E/qdoverlay(  261): dst_rect mdp_rect x=0 y=0 w=720 h=1280
E/qdoverlay(  261): Bad ov dump:  mdp_overlay z=0 fg=0 alpha=255 mask=-1 flags=0x220000 id=-1
E/qdoverlay(  261): src msmfb_img w=736 h=1280 format=13 MDP_RGBA_8888
E/qdoverlay(  261): src_rect mdp_rect x=0 y=0 w=720 h=1280
E/qdoverlay(  261): dst_rect mdp_rect x=0 y=0 w=720 h=1280
E/Diag_Lib(  767): qmi_client [767]: unable to connect to server, errno=[2:No such file or directory], attempt=4
V/RenderScript_jni( 1544): RS native mode
E/qdoverlay(  261): Bad ov dump:  mdp_overlay z=0 fg=0 alpha=255 mask=-1 flags=0x220000 id=-1
E/qdoverlay(  261): src msmfb_img w=736 h=1280 format=13 MDP_RGBA_8888
E/qdoverlay(  261): src_rect mdp_rect x=0 y=0 w=720 h=1280
E/qdoverlay(  261): dst_rect mdp_rect x=0 y=0 w=720 h=1280
E/qdoverlay(  261): Bad ov dump:  mdp_overlay z=0 fg=0 alpha=255 mask=-1 flags=0x220000 id=-1
E/qdoverlay(  261): src msmfb_img w=736 h=1280 format=13 MDP_RGBA_8888
E/qdoverlay(  261): src_rect mdp_rect x=0 y=0 w=720 h=1280
E/qdoverlay(  261): dst_rect mdp_rect x=0 y=0 w=720 h=1280
V/RenderScript( 1544): 0xb0312200 Launching thread(s), CPUs 4
E/qdoverlay(  261): Bad ov dump:  mdp_overlay z=0 fg=0 alpha=255 mask=-1 flags=0x220000 id=-1
E/qdoverlay(  261): src msmfb_img w=736 h=1280 format=13 MDP_RGBA_8888
E/qdoverlay(  261): src_rect mdp_rect x=0 y=0 w=720 h=1280
E/qdoverlay(  261): dst_rect mdp_rect x=0 y=0 w=720 h=1280
D/Launcher.Workspace( 1120): 11683562 - stripEmptyScreens()
E/qdoverlay(  261): Bad ov dump:  mdp_overlay z=0 fg=0 alpha=255 mask=-1 flags=0x220000 id=-1
E/qdoverlay(  261): src msmfb_img w=736 h=1280 format=13 MDP_RGBA_8888
E/qdoverlay(  261): src_rect mdp_rect x=0 y=0 w=720 h=1280
E/qdoverlay(  261): dst_rect mdp_rect x=0 y=0 w=720 h=1280
E/qdoverlay(  261): Bad ov dump:  mdp_overlay z=0 fg=0 alpha=255 mask=-1 flags=0x220000 id=-1
E/qdoverlay(  261): src msmfb_img w=736 h=1280 format=13 MDP_RGBA_8888
E/qdoverlay(  261): src_rect mdp_rect x=0 y=0 w=720 h=1280
E/qdoverlay(  261): dst_rect mdp_rect x=0 y=0 w=720 h=1280
E/AudioManager( 1544): Adding Player: com.cyanogenmod.eleven to available player list
E/qdoverlay(  261): Bad ov dump:  mdp_overlay z=0 fg=0 alpha=255 mask=-1 flags=0x220000 id=-1
E/qdoverlay(  261): src msmfb_img w=736 h=1280 format=13 MDP_RGBA_8888
E/qdoverlay(  261): src_rect mdp_rect x=0 y=0 w=720 h=1280
E/qdoverlay(  261): dst_rect mdp_rect x=0 y=0 w=720 h=1280
V/AudioManager( 1544): updating focussed RCC change to RCD: CallingPackageName:com.cyanogenmod.eleven
E/qdoverlay(  261): Bad ov dump:  mdp_overlay z=0 fg=0 alpha=255 mask=-1 flags=0x220000 id=-1
E/qdoverlay(  261): src msmfb_img w=736 h=1280 format=13 MDP_RGBA_8888
E/qdoverlay(  261): src_rect mdp_rect x=0 y=0 w=720 h=1280
E/qdoverlay(  261): dst_rect mdp_rect x=0 y=0 w=720 h=1280
E/qdoverlay(  261): Bad ov dump:  mdp_overlay z=0 fg=0 alpha=255 mask=-1 flags=0x220000 id=-1
E/qdoverlay(  261): src msmfb_img w=736 h=1280 format=13 MDP_RGBA_8888
E/qdoverlay(  261): src_rect mdp_rect x=0 y=0 w=720 h=1280
